Archive member included to satisfy reference by file (symbol)

../hello_s_bsp/\libhal_bsp.a(alt_main.o)
                              ../hello_s_bsp//obj/HAL/src/crt0.o (alt_main)
../hello_s_bsp/\libhal_bsp.a(alt_putstr.o)
                              obj/default/hello_world_small.o (alt_putstr)
../hello_s_bsp/\libhal_bsp.a(alt_sys_init.o)
                              ../hello_s_bsp/\libhal_bsp.a(alt_main.o) (alt_irq_init)
../hello_s_bsp/\libhal_bsp.a(altera_avalon_jtag_uart_write.o)
                              ../hello_s_bsp/\libhal_bsp.a(alt_putstr.o) (altera_avalon_jtag_uart_write)
../hello_s_bsp/\libhal_bsp.a(altera_modular_adc.o)
                              ../hello_s_bsp/\libhal_bsp.a(alt_sys_init.o) (altera_modular_adc_init)
../hello_s_bsp/\libhal_bsp.a(altera_onchip_flash.o)
                              ../hello_s_bsp/\libhal_bsp.a(alt_sys_init.o) (alt_onchip_flash_read)
../hello_s_bsp/\libhal_bsp.a(alt_busy_sleep.o)
                              ../hello_s_bsp/\libhal_bsp.a(altera_onchip_flash.o) (alt_busy_sleep)
../hello_s_bsp/\libhal_bsp.a(alt_dcache_flush.o)
                              ../hello_s_bsp/\libhal_bsp.a(altera_onchip_flash.o) (alt_dcache_flush)
../hello_s_bsp/\libhal_bsp.a(alt_dev_llist_insert.o)
                              ../hello_s_bsp/\libhal_bsp.a(altera_modular_adc.o) (alt_dev_llist_insert)
../hello_s_bsp/\libhal_bsp.a(alt_errno.o)
                              ../hello_s_bsp/\libhal_bsp.a(alt_dev_llist_insert.o) (alt_errno)
../hello_s_bsp/\libhal_bsp.a(alt_find_dev.o)
                              ../hello_s_bsp/\libhal_bsp.a(altera_modular_adc.o) (alt_find_dev)
../hello_s_bsp/\libhal_bsp.a(alt_flash_dev.o)
                              ../hello_s_bsp/\libhal_bsp.a(altera_onchip_flash.o) (alt_flash_dev_list)
../hello_s_bsp/\libhal_bsp.a(alt_iic.o)
                              ../hello_s_bsp/\libhal_bsp.a(altera_modular_adc.o) (alt_ic_isr_register)
../hello_s_bsp/\libhal_bsp.a(alt_iic_isr_register.o)
                              ../hello_s_bsp/\libhal_bsp.a(alt_iic.o) (alt_iic_isr_register)
../hello_s_bsp/\libhal_bsp.a(alt_irq_entry.o)
                              ../hello_s_bsp/\libhal_bsp.a(alt_iic_isr_register.o) (alt_irq_entry)
../hello_s_bsp/\libhal_bsp.a(alt_irq_handler.o)
                              ../hello_s_bsp/\libhal_bsp.a(alt_iic_isr_register.o) (alt_irq_handler)
../hello_s_bsp/\libhal_bsp.a(alt_irq_vars.o)
                              ../hello_s_bsp/\libhal_bsp.a(alt_iic.o) (alt_irq_active)
../hello_s_bsp/\libhal_bsp.a(altera_nios2_gen2_irq.o)
                              ../hello_s_bsp/\libhal_bsp.a(alt_sys_init.o) (altera_nios2_gen2_irq_init)
../hello_s_bsp/\libhal_bsp.a(alt_exception_entry.o)
                              ../hello_s_bsp/\libhal_bsp.a(alt_irq_entry.o) (alt_exception)
../hello_s_bsp/\libhal_bsp.a(alt_instruction_exception_entry.o)
                              ../hello_s_bsp/\libhal_bsp.a(alt_exception_entry.o) (alt_instruction_exception_entry)
c:/intelfpga_lite/18.1/nios2eds/bin/gnu/h-x86_64-mingw32/bin/../lib/gcc/nios2-elf/5.3.0/../../../../../H-x86_64-mingw32/nios2-elf/lib/mno-hw-mul\libsmallc.a(lib_a-int_errno.o)
                              ../hello_s_bsp/\libhal_bsp.a(alt_dev_llist_insert.o) (errno)
c:/intelfpga_lite/18.1/nios2eds/bin/gnu/h-x86_64-mingw32/bin/../lib/gcc/nios2-elf/5.3.0/../../../../../H-x86_64-mingw32/nios2-elf/lib/mno-hw-mul\libsmallc.a(lib_a-memcmp.o)
                              ../hello_s_bsp/\libhal_bsp.a(altera_onchip_flash.o) (memcmp)
c:/intelfpga_lite/18.1/nios2eds/bin/gnu/h-x86_64-mingw32/bin/../lib/gcc/nios2-elf/5.3.0/../../../../../H-x86_64-mingw32/nios2-elf/lib/mno-hw-mul\libsmallc.a(lib_a-memcpy.o)
                              ../hello_s_bsp/\libhal_bsp.a(altera_onchip_flash.o) (memcpy)
c:/intelfpga_lite/18.1/nios2eds/bin/gnu/h-x86_64-mingw32/bin/../lib/gcc/nios2-elf/5.3.0/../../../../../H-x86_64-mingw32/nios2-elf/lib/mno-hw-mul\libsmallc.a(lib_a-strlen.o)
                              ../hello_s_bsp/\libhal_bsp.a(alt_putstr.o) (strlen)
c:/intelfpga_lite/18.1/nios2eds/bin/gnu/h-x86_64-mingw32/bin/../lib/gcc/nios2-elf/5.3.0/mno-hw-mul\libgcc.a(lib2-divmod.o)
                              ../hello_s_bsp/\libhal_bsp.a(altera_onchip_flash.o) (__divsi3)
c:/intelfpga_lite/18.1/nios2eds/bin/gnu/h-x86_64-mingw32/bin/../lib/gcc/nios2-elf/5.3.0/mno-hw-mul\libgcc.a(lib2-mul.o)
                              ../hello_s_bsp/\libhal_bsp.a(alt_busy_sleep.o) (__mulsi3)

Allocating common symbols
Common symbol       size              file

alt_irq             0x100             ../hello_s_bsp/\libhal_bsp.a(alt_irq_handler.o)
errno               0x4               c:/intelfpga_lite/18.1/nios2eds/bin/gnu/h-x86_64-mingw32/bin/../lib/gcc/nios2-elf/5.3.0/../../../../../H-x86_64-mingw32/nios2-elf/lib/mno-hw-mul\libsmallc.a(lib_a-int_errno.o)

Memory Configuration

Name             Origin             Length             Attributes
reset            0x0000000000020000 0x0000000000000020
onchip_flash_data 0x0000000000020020 0x000000000001c7e0
onchip_memory_BEFORE_EXCEPTION 0x0000000000048000 0x0000000000000020
onchip_memory    0x0000000000048020 0x0000000000007fe0
*default*        0x0000000000000000 0xffffffffffffffff

Linker script and memory map

LOAD ../hello_s_bsp//obj/HAL/src/crt0.o
LOAD obj/default/hello_world_small.o
LOAD c:/intelfpga_lite/18.1/nios2eds/bin/gnu/h-x86_64-mingw32/bin/../lib/gcc/nios2-elf/5.3.0/../../../../../H-x86_64-mingw32/nios2-elf/lib/mno-hw-mul\libstdc++.a
LOAD c:/intelfpga_lite/18.1/nios2eds/bin/gnu/h-x86_64-mingw32/bin/../lib/gcc/nios2-elf/5.3.0/../../../../../H-x86_64-mingw32/nios2-elf/lib/mno-hw-mul\libm.a
LOAD c:/intelfpga_lite/18.1/nios2eds/bin/gnu/h-x86_64-mingw32/bin/../lib/gcc/nios2-elf/5.3.0/mno-hw-mul\libgcc.a
START GROUP
LOAD c:/intelfpga_lite/18.1/nios2eds/bin/gnu/h-x86_64-mingw32/bin/../lib/gcc/nios2-elf/5.3.0/../../../../../H-x86_64-mingw32/nios2-elf/lib/mno-hw-mul\libsmallc.a
LOAD c:/intelfpga_lite/18.1/nios2eds/bin/gnu/h-x86_64-mingw32/bin/../lib/gcc/nios2-elf/5.3.0/mno-hw-mul\libgcc.a
LOAD ../hello_s_bsp/\libhal_bsp.a
LOAD c:/intelfpga_lite/18.1/nios2eds/bin/gnu/h-x86_64-mingw32/bin/../lib/gcc/nios2-elf/5.3.0/../../../../../H-x86_64-mingw32/nios2-elf/lib/mno-hw-mul\libm.a
END GROUP
LOAD c:/intelfpga_lite/18.1/nios2eds/bin/gnu/h-x86_64-mingw32/bin/../lib/gcc/nios2-elf/5.3.0/mno-hw-mul\libgcc.a
                0x0000000000020000                __alt_mem_onchip_flash_data = 0x20000
                0x0000000000048000                __alt_mem_onchip_memory = 0x48000

.entry          0x0000000000020000        0x0
 *(.entry)
 .entry         0x0000000000020000        0x0 ../hello_s_bsp//obj/HAL/src/crt0.o
                0x0000000000020000                _exit
                0x0000000000020000                __reset

.exceptions     0x0000000000048020      0x160
                [!provide]                        PROVIDE (__ram_exceptions_start, ABSOLUTE (.))
                0x0000000000048020                . = ALIGN (0x20)
 *(.irq)
 *(.exceptions.entry.label)
 .exceptions.entry.label
                0x0000000000048020        0x0 ../hello_s_bsp/\libhal_bsp.a(alt_irq_entry.o)
                0x0000000000048020                alt_irq_entry
 .exceptions.entry.label
                0x0000000000048020        0x0 ../hello_s_bsp/\libhal_bsp.a(alt_exception_entry.o)
                0x0000000000048020                alt_exception
 *(.exceptions.entry.user)
 *(.exceptions.entry.ecc_fatal)
 *(.exceptions.entry)
 .exceptions.entry
                0x0000000000048020       0x54 ../hello_s_bsp/\libhal_bsp.a(alt_exception_entry.o)
 *(.exceptions.irqtest.user)
 *(.exceptions.irqtest)
 .exceptions.irqtest
                0x0000000000048074       0x10 ../hello_s_bsp/\libhal_bsp.a(alt_irq_entry.o)
 *(.exceptions.irqhandler.user)
 *(.exceptions.irqhandler)
 .exceptions.irqhandler
                0x0000000000048084        0x4 ../hello_s_bsp/\libhal_bsp.a(alt_irq_entry.o)
 *(.exceptions.irqreturn.user)
 *(.exceptions.irqreturn)
 .exceptions.irqreturn
                0x0000000000048088        0x4 ../hello_s_bsp/\libhal_bsp.a(alt_irq_entry.o)
 *(.exceptions.notirq.label)
 .exceptions.notirq.label
                0x000000000004808c        0x0 ../hello_s_bsp/\libhal_bsp.a(alt_irq_entry.o)
 *(.exceptions.notirq.user)
 *(.exceptions.notirq)
 .exceptions.notirq
                0x000000000004808c        0x8 ../hello_s_bsp/\libhal_bsp.a(alt_exception_entry.o)
 *(.exceptions.soft.user)
 *(.exceptions.soft)
 *(.exceptions.unknown.user)
 *(.exceptions.unknown)
 .exceptions.unknown
                0x0000000000048094       0x14 ../hello_s_bsp/\libhal_bsp.a(alt_exception_entry.o)
 *(.exceptions.exit.label)
 .exceptions.exit.label
                0x00000000000480a8        0x0 ../hello_s_bsp/\libhal_bsp.a(alt_irq_entry.o)
 .exceptions.exit.label
                0x00000000000480a8        0x0 ../hello_s_bsp/\libhal_bsp.a(alt_exception_entry.o)
 *(.exceptions.exit.user)
 *(.exceptions.exit)
 .exceptions.exit
                0x00000000000480a8       0x54 ../hello_s_bsp/\libhal_bsp.a(alt_exception_entry.o)
 *(.exceptions)
 .exceptions    0x00000000000480fc       0x60 ../hello_s_bsp/\libhal_bsp.a(alt_irq_handler.o)
                0x00000000000480fc                alt_irq_handler
 .exceptions    0x000000000004815c       0x24 ../hello_s_bsp/\libhal_bsp.a(alt_instruction_exception_entry.o)
                0x000000000004815c                alt_instruction_exception_entry
                [!provide]                        PROVIDE (__ram_exceptions_end, ABSOLUTE (.))
                [!provide]                        PROVIDE (__flash_exceptions_start, LOADADDR (.exceptions))

.text           0x0000000000048180     0x1144
                [!provide]                        PROVIDE (stext, ABSOLUTE (.))
 *(.interp)
 *(.hash)
 *(.dynsym)
 *(.dynstr)
 *(.gnu.version)
 *(.gnu.version_d)
 *(.gnu.version_r)
 *(.rel.init)
 *(.rela.init)
 *(.rel.text .rel.text.* .rel.gnu.linkonce.t.*)
 *(.rela.text .rela.text.* .rela.gnu.linkonce.t.*)
 *(.rel.fini)
 *(.rela.fini)
 *(.rel.rodata .rel.rodata.* .rel.gnu.linkonce.r.*)
 *(.rela.rodata .rela.rodata.* .rela.gnu.linkonce.r.*)
 *(.rel.data .rel.data.* .rel.gnu.linkonce.d.*)
 *(.rela.data .rela.data.* .rela.gnu.linkonce.d.*)
 *(.rel.tdata .rel.tdata.* .rel.gnu.linkonce.td.*)
 *(.rela.tdata .rela.tdata.* .rela.gnu.linkonce.td.*)
 *(.rel.tbss .rel.tbss.* .rel.gnu.linkonce.tb.*)
 *(.rela.tbss .rela.tbss.* .rela.gnu.linkonce.tb.*)
 *(.rel.ctors)
 *(.rela.ctors)
 *(.rel.dtors)
 *(.rela.dtors)
 *(.rel.got)
 *(.rela.got)
 *(.rel.sdata .rel.sdata.* .rel.gnu.linkonce.s.*)
 *(.rela.sdata .rela.sdata.* .rela.gnu.linkonce.s.*)
 *(.rel.sbss .rel.sbss.* .rel.gnu.linkonce.sb.*)
 *(.rela.sbss .rela.sbss.* .rela.gnu.linkonce.sb.*)
 *(.rel.sdata2 .rel.sdata2.* .rel.gnu.linkonce.s2.*)
 *(.rela.sdata2 .rela.sdata2.* .rela.gnu.linkonce.s2.*)
 *(.rel.sbss2 .rel.sbss2.* .rel.gnu.linkonce.sb2.*)
 *(.rela.sbss2 .rela.sbss2.* .rela.gnu.linkonce.sb2.*)
 *(.rel.bss .rel.bss.* .rel.gnu.linkonce.b.*)
 *(.rela.bss .rela.bss.* .rela.gnu.linkonce.b.*)
 *(.rel.plt)
 *(.rela.plt)
 *(.rel.dyn)
 *(.init)
 *(.plt)
 *(.text .stub .text.* .gnu.linkonce.t.*)
 .text          0x0000000000048180       0x38 ../hello_s_bsp//obj/HAL/src/crt0.o
                0x0000000000048180                _start
 .text          0x00000000000481b8        0x0 obj/default/hello_world_small.o
 .text.startup  0x00000000000481b8       0x18 obj/default/hello_world_small.o
                0x00000000000481b8                main
 .text          0x00000000000481d0       0x2c ../hello_s_bsp/\libhal_bsp.a(alt_main.o)
                0x00000000000481d0                alt_main
 .text          0x00000000000481fc       0x38 ../hello_s_bsp/\libhal_bsp.a(alt_putstr.o)
                0x00000000000481fc                alt_putstr
 .text          0x0000000000048234       0x50 ../hello_s_bsp/\libhal_bsp.a(alt_sys_init.o)
                0x0000000000048234                alt_irq_init
                0x0000000000048254                alt_sys_init
 .text          0x0000000000048284       0x34 ../hello_s_bsp/\libhal_bsp.a(altera_avalon_jtag_uart_write.o)
                0x0000000000048284                altera_avalon_jtag_uart_write
 .text          0x00000000000482b8      0x264 ../hello_s_bsp/\libhal_bsp.a(altera_modular_adc.o)
                0x00000000000482b8                alt_adc_word_read
                0x00000000000482f0                altera_modular_adc_init
                0x0000000000048354                altera_modular_adc_open
                0x000000000004835c                adc_stop
                0x000000000004837c                adc_start
                0x000000000004838c                adc_set_mode_run_once
                0x00000000000483a4                adc_set_mode_run_continuously
                0x00000000000483b8                adc_recalibrate
                0x000000000004840c                adc_interrupt_enable
                0x0000000000048420                adc_interrupt_disable
                0x0000000000048438                adc_clear_interrupt_status
                0x00000000000484a4                alt_adc_register_callback
                0x00000000000484f8                adc_interrupt_asserted
                0x0000000000048508                adc_wait_for_interrupt
 .text          0x000000000004851c      0x818 ../hello_s_bsp/\libhal_bsp.a(altera_onchip_flash.o)
                0x000000000004851c                alt_onchip_flash_read
                0x000000000004858c                alt_onchip_flash_get_info
                0x00000000000485d0                alt_onchip_flash_write
                0x0000000000048754                altera_onchip_flash_init
                0x0000000000048988                alt_onchip_flash_poll_for_status_to_go_idle
                0x00000000000489dc                alt_onchip_flash_poll_for_status_erase_passed
                0x0000000000048a38                alt_onchip_flash_erase_block
                0x0000000000048b24                alt_onchip_flash_poll_for_status_write_passed
                0x0000000000048b80                alt_onchip_flash_write_block
 .text          0x0000000000048d34       0x88 ../hello_s_bsp/\libhal_bsp.a(alt_busy_sleep.o)
                0x0000000000048d34                alt_busy_sleep
 .text          0x0000000000048dbc        0x4 ../hello_s_bsp/\libhal_bsp.a(alt_dcache_flush.o)
                0x0000000000048dbc                alt_dcache_flush
 .text          0x0000000000048dc0       0x6c ../hello_s_bsp/\libhal_bsp.a(alt_dev_llist_insert.o)
                0x0000000000048dc0                alt_dev_llist_insert
 .text          0x0000000000048e2c        0x0 ../hello_s_bsp/\libhal_bsp.a(alt_errno.o)
 .text          0x0000000000048e2c       0x74 ../hello_s_bsp/\libhal_bsp.a(alt_find_dev.o)
                0x0000000000048e2c                alt_find_dev
 .text          0x0000000000048ea0       0x64 ../hello_s_bsp/\libhal_bsp.a(alt_flash_dev.o)
                0x0000000000048ea0                alt_flash_open_dev
                0x0000000000048ef0                alt_flash_close_dev
 .text          0x0000000000048f04       0x8c ../hello_s_bsp/\libhal_bsp.a(alt_iic.o)
                0x0000000000048f04                alt_ic_isr_register
                0x0000000000048f08                alt_ic_irq_enable
                0x0000000000048f40                alt_ic_irq_disable
                0x0000000000048f78                alt_ic_irq_enabled
 .text          0x0000000000048f90       0x68 ../hello_s_bsp/\libhal_bsp.a(alt_iic_isr_register.o)
                0x0000000000048f90                alt_iic_isr_register
 .text          0x0000000000048ff8        0x0 ../hello_s_bsp/\libhal_bsp.a(alt_irq_entry.o)
 .text          0x0000000000048ff8        0x0 ../hello_s_bsp/\libhal_bsp.a(alt_irq_handler.o)
 .text          0x0000000000048ff8        0x0 ../hello_s_bsp/\libhal_bsp.a(alt_irq_vars.o)
 .text          0x0000000000048ff8        0x8 ../hello_s_bsp/\libhal_bsp.a(altera_nios2_gen2_irq.o)
                0x0000000000048ff8                altera_nios2_gen2_irq_init
 .text          0x0000000000049000        0x0 ../hello_s_bsp/\libhal_bsp.a(alt_exception_entry.o)
 .text          0x0000000000049000       0x74 ../hello_s_bsp/\libhal_bsp.a(alt_instruction_exception_entry.o)
                0x0000000000049000                alt_exception_cause_generated_bad_addr
 .text          0x0000000000049074        0x0 c:/intelfpga_lite/18.1/nios2eds/bin/gnu/h-x86_64-mingw32/bin/../lib/gcc/nios2-elf/5.3.0/../../../../../H-x86_64-mingw32/nios2-elf/lib/mno-hw-mul\libsmallc.a(lib_a-int_errno.o)
 .text          0x0000000000049074        0x0 c:/intelfpga_lite/18.1/nios2eds/bin/gnu/h-x86_64-mingw32/bin/../lib/gcc/nios2-elf/5.3.0/../../../../../H-x86_64-mingw32/nios2-elf/lib/mno-hw-mul\libsmallc.a(lib_a-memcmp.o)
 .text.memcmp   0x0000000000049074       0x30 c:/intelfpga_lite/18.1/nios2eds/bin/gnu/h-x86_64-mingw32/bin/../lib/gcc/nios2-elf/5.3.0/../../../../../H-x86_64-mingw32/nios2-elf/lib/mno-hw-mul\libsmallc.a(lib_a-memcmp.o)
                0x0000000000049074                memcmp
 .text          0x00000000000490a4        0x0 c:/intelfpga_lite/18.1/nios2eds/bin/gnu/h-x86_64-mingw32/bin/../lib/gcc/nios2-elf/5.3.0/../../../../../H-x86_64-mingw32/nios2-elf/lib/mno-hw-mul\libsmallc.a(lib_a-memcpy.o)
 .text.memcpy   0x00000000000490a4       0x28 c:/intelfpga_lite/18.1/nios2eds/bin/gnu/h-x86_64-mingw32/bin/../lib/gcc/nios2-elf/5.3.0/../../../../../H-x86_64-mingw32/nios2-elf/lib/mno-hw-mul\libsmallc.a(lib_a-memcpy.o)
                0x00000000000490a4                memcpy
 .text          0x00000000000490cc        0x0 c:/intelfpga_lite/18.1/nios2eds/bin/gnu/h-x86_64-mingw32/bin/../lib/gcc/nios2-elf/5.3.0/../../../../../H-x86_64-mingw32/nios2-elf/lib/mno-hw-mul\libsmallc.a(lib_a-strlen.o)
 .text.strlen   0x00000000000490cc       0x1c c:/intelfpga_lite/18.1/nios2eds/bin/gnu/h-x86_64-mingw32/bin/../lib/gcc/nios2-elf/5.3.0/../../../../../H-x86_64-mingw32/nios2-elf/lib/mno-hw-mul\libsmallc.a(lib_a-strlen.o)
                0x00000000000490cc                strlen
 .text          0x00000000000490e8      0x1b4 c:/intelfpga_lite/18.1/nios2eds/bin/gnu/h-x86_64-mingw32/bin/../lib/gcc/nios2-elf/5.3.0/mno-hw-mul\libgcc.a(lib2-divmod.o)
                0x00000000000490e8                __divsi3
                0x000000000004916c                __modsi3
                0x00000000000491e0                __udivsi3
                0x0000000000049244                __umodsi3
 .text          0x000000000004929c       0x28 c:/intelfpga_lite/18.1/nios2eds/bin/gnu/h-x86_64-mingw32/bin/../lib/gcc/nios2-elf/5.3.0/mno-hw-mul\libgcc.a(lib2-mul.o)
                0x000000000004929c                __mulsi3
 *(.gnu.warning.*)
 *(.fini)
                [!provide]                        PROVIDE (__etext, ABSOLUTE (.))
                [!provide]                        PROVIDE (_etext, ABSOLUTE (.))
                [!provide]                        PROVIDE (etext, ABSOLUTE (.))
 *(.eh_frame_hdr)
                0x00000000000492c4                . = ALIGN (0x4)
                [!provide]                        PROVIDE (__preinit_array_start, ABSOLUTE (.))
 *(.preinit_array)
                [!provide]                        PROVIDE (__preinit_array_end, ABSOLUTE (.))
                [!provide]                        PROVIDE (__init_array_start, ABSOLUTE (.))
 *(.init_array)
                [!provide]                        PROVIDE (__init_array_end, ABSOLUTE (.))
                [!provide]                        PROVIDE (__fini_array_start, ABSOLUTE (.))
 *(.fini_array)
                [!provide]                        PROVIDE (__fini_array_end, ABSOLUTE (.))
 *(.eh_frame)
 *(.gcc_except_table .gcc_except_table.*)
 *(.dynamic)
                [!provide]                        PROVIDE (__CTOR_LIST__, ABSOLUTE (.))
 *(.ctors)
 *(SORT(.ctors.*))
                [!provide]                        PROVIDE (__CTOR_END__, ABSOLUTE (.))
                [!provide]                        PROVIDE (__DTOR_LIST__, ABSOLUTE (.))
 *(.dtors)
 *(SORT(.dtors.*))
                [!provide]                        PROVIDE (__DTOR_END__, ABSOLUTE (.))
 *(.jcr)
                0x00000000000492c4                . = ALIGN (0x4)

.rodata         0x00000000000492c4       0x54
                [!provide]                        PROVIDE (__ram_rodata_start, ABSOLUTE (.))
                0x00000000000492c4                . = ALIGN (0x4)
 *(.rodata .rodata.* .gnu.linkonce.r.*)
 .rodata.str1.4
                0x00000000000492c4       0x15 obj/default/hello_world_small.o
 *fill*         0x00000000000492d9        0x3 
 .rodata.str1.4
                0x00000000000492dc       0x3c ../hello_s_bsp/\libhal_bsp.a(alt_sys_init.o)
                                         0x39 (size before relaxing)
 *(.rodata1)
                0x0000000000049318                . = ALIGN (0x4)
                [!provide]                        PROVIDE (__ram_rodata_end, ABSOLUTE (.))
                [!provide]                        PROVIDE (__flash_rodata_start, LOADADDR (.rodata))

.rwdata         0x0000000000049318      0x164
                [!provide]                        PROVIDE (__ram_rwdata_start, ABSOLUTE (.))
                0x0000000000049318                . = ALIGN (0x4)
 *(.got.plt)
 *(.got)
 *(.data1)
 *(.data .data.* .gnu.linkonce.d.*)
 .data          0x0000000000049318        0x0 ../hello_s_bsp//obj/HAL/src/crt0.o
 .data          0x0000000000049318        0x0 obj/default/hello_world_small.o
 .data          0x0000000000049318        0x0 ../hello_s_bsp/\libhal_bsp.a(alt_main.o)
 .data          0x0000000000049318        0x0 ../hello_s_bsp/\libhal_bsp.a(alt_putstr.o)
 .data          0x0000000000049318      0x13c ../hello_s_bsp/\libhal_bsp.a(alt_sys_init.o)
 .data          0x0000000000049454        0x0 ../hello_s_bsp/\libhal_bsp.a(altera_avalon_jtag_uart_write.o)
 .data          0x0000000000049454        0x0 ../hello_s_bsp/\libhal_bsp.a(altera_modular_adc.o)
 .data          0x0000000000049454        0x0 ../hello_s_bsp/\libhal_bsp.a(altera_onchip_flash.o)
 .data          0x0000000000049454        0x0 ../hello_s_bsp/\libhal_bsp.a(alt_busy_sleep.o)
 .data          0x0000000000049454        0x0 ../hello_s_bsp/\libhal_bsp.a(alt_dcache_flush.o)
 .data          0x0000000000049454        0x0 ../hello_s_bsp/\libhal_bsp.a(alt_dev_llist_insert.o)
 .data          0x0000000000049454        0x0 ../hello_s_bsp/\libhal_bsp.a(alt_errno.o)
 .data          0x0000000000049454        0x0 ../hello_s_bsp/\libhal_bsp.a(alt_find_dev.o)
 .data          0x0000000000049454        0x0 ../hello_s_bsp/\libhal_bsp.a(alt_flash_dev.o)
 .data          0x0000000000049454        0x0 ../hello_s_bsp/\libhal_bsp.a(alt_iic.o)
 .data          0x0000000000049454        0x0 ../hello_s_bsp/\libhal_bsp.a(alt_iic_isr_register.o)
 .data          0x0000000000049454        0x0 ../hello_s_bsp/\libhal_bsp.a(alt_irq_entry.o)
 .data          0x0000000000049454        0x0 ../hello_s_bsp/\libhal_bsp.a(alt_irq_handler.o)
 .data          0x0000000000049454        0x0 ../hello_s_bsp/\libhal_bsp.a(alt_irq_vars.o)
 .data          0x0000000000049454        0x0 ../hello_s_bsp/\libhal_bsp.a(altera_nios2_gen2_irq.o)
 .data          0x0000000000049454        0x0 ../hello_s_bsp/\libhal_bsp.a(alt_exception_entry.o)
 .data          0x0000000000049454        0x0 ../hello_s_bsp/\libhal_bsp.a(alt_instruction_exception_entry.o)
 .data          0x0000000000049454        0x0 c:/intelfpga_lite/18.1/nios2eds/bin/gnu/h-x86_64-mingw32/bin/../lib/gcc/nios2-elf/5.3.0/../../../../../H-x86_64-mingw32/nios2-elf/lib/mno-hw-mul\libsmallc.a(lib_a-int_errno.o)
 .data          0x0000000000049454        0x0 c:/intelfpga_lite/18.1/nios2eds/bin/gnu/h-x86_64-mingw32/bin/../lib/gcc/nios2-elf/5.3.0/../../../../../H-x86_64-mingw32/nios2-elf/lib/mno-hw-mul\libsmallc.a(lib_a-memcmp.o)
 .data          0x0000000000049454        0x0 c:/intelfpga_lite/18.1/nios2eds/bin/gnu/h-x86_64-mingw32/bin/../lib/gcc/nios2-elf/5.3.0/../../../../../H-x86_64-mingw32/nios2-elf/lib/mno-hw-mul\libsmallc.a(lib_a-memcpy.o)
 .data          0x0000000000049454        0x0 c:/intelfpga_lite/18.1/nios2eds/bin/gnu/h-x86_64-mingw32/bin/../lib/gcc/nios2-elf/5.3.0/../../../../../H-x86_64-mingw32/nios2-elf/lib/mno-hw-mul\libsmallc.a(lib_a-strlen.o)
 .data          0x0000000000049454        0x0 c:/intelfpga_lite/18.1/nios2eds/bin/gnu/h-x86_64-mingw32/bin/../lib/gcc/nios2-elf/5.3.0/mno-hw-mul\libgcc.a(lib2-divmod.o)
 .data          0x0000000000049454        0x0 c:/intelfpga_lite/18.1/nios2eds/bin/gnu/h-x86_64-mingw32/bin/../lib/gcc/nios2-elf/5.3.0/mno-hw-mul\libgcc.a(lib2-mul.o)
                0x0000000000051454                _gp = ABSOLUTE ((. + 0x8000))
                [!provide]                        PROVIDE (gp, _gp)
 *(.rwdata .rwdata.*)
 *(.sdata .sdata.* .gnu.linkonce.s.*)
 .sdata         0x0000000000049454        0x8 ../hello_s_bsp/\libhal_bsp.a(alt_sys_init.o)
                0x0000000000049454                uart
                0x0000000000049458                jtag_uart
 .sdata         0x000000000004945c        0x8 ../hello_s_bsp/\libhal_bsp.a(altera_modular_adc.o)
                0x000000000004945c                altera_modular_adc_list
 .sdata         0x0000000000049464        0x8 ../hello_s_bsp/\libhal_bsp.a(altera_onchip_flash.o)
                0x0000000000049464                altera_onchip_flash_list
 .sdata         0x000000000004946c        0x4 ../hello_s_bsp/\libhal_bsp.a(alt_errno.o)
                0x000000000004946c                alt_errno
 .sdata         0x0000000000049470        0x8 ../hello_s_bsp/\libhal_bsp.a(alt_flash_dev.o)
                0x0000000000049470                alt_flash_dev_list
 .sdata         0x0000000000049478        0x4 ../hello_s_bsp/\libhal_bsp.a(alt_irq_vars.o)
                0x0000000000049478                alt_priority_mask
 *(.sdata2 .sdata2.* .gnu.linkonce.s2.*)
                0x000000000004947c                . = ALIGN (0x4)
                0x000000000004947c                _edata = ABSOLUTE (.)
                [!provide]                        PROVIDE (edata, ABSOLUTE (.))
                [!provide]                        PROVIDE (__ram_rwdata_end, ABSOLUTE (.))
                [!provide]                        PROVIDE (__flash_rwdata_start, LOADADDR (.rwdata))

.bss            0x000000000004947c      0x118
                0x000000000004947c                __bss_start = ABSOLUTE (.)
                [!provide]                        PROVIDE (__sbss_start, ABSOLUTE (.))
                [!provide]                        PROVIDE (___sbss_start, ABSOLUTE (.))
 *(.dynsbss)
 *(.sbss .sbss.* .gnu.linkonce.sb.*)
 .sbss          0x000000000004947c        0xc ../hello_s_bsp/\libhal_bsp.a(alt_main.o)
                0x000000000004947c                alt_envp
                0x0000000000049480                alt_argv
                0x0000000000049484                alt_argc
 .sbss          0x0000000000049488        0x4 ../hello_s_bsp/\libhal_bsp.a(alt_irq_vars.o)
                0x0000000000049488                alt_irq_active
 .sbss          0x000000000004948c        0x4 ../hello_s_bsp/\libhal_bsp.a(alt_instruction_exception_entry.o)
                0x000000000004948c                alt_instruction_exception_handler
 .sbss          0x0000000000049490        0x4 c:/intelfpga_lite/18.1/nios2eds/bin/gnu/h-x86_64-mingw32/bin/../lib/gcc/nios2-elf/5.3.0/../../../../../H-x86_64-mingw32/nios2-elf/lib/mno-hw-mul\libsmallc.a(lib_a-int_errno.o)
                0x0000000000049490                errno
 *(.sbss2 .sbss2.* .gnu.linkonce.sb2.*)
 *(.scommon)
                [!provide]                        PROVIDE (__sbss_end, ABSOLUTE (.))
                [!provide]                        PROVIDE (___sbss_end, ABSOLUTE (.))
 *(.dynbss)
 *(.bss .bss.* .gnu.linkonce.b.*)
 .bss           0x0000000000049494        0x0 ../hello_s_bsp//obj/HAL/src/crt0.o
 .bss           0x0000000000049494        0x0 obj/default/hello_world_small.o
 .bss           0x0000000000049494        0x0 ../hello_s_bsp/\libhal_bsp.a(alt_main.o)
 .bss           0x0000000000049494        0x0 ../hello_s_bsp/\libhal_bsp.a(alt_putstr.o)
 .bss           0x0000000000049494        0x0 ../hello_s_bsp/\libhal_bsp.a(alt_sys_init.o)
 .bss           0x0000000000049494        0x0 ../hello_s_bsp/\libhal_bsp.a(altera_avalon_jtag_uart_write.o)
 .bss           0x0000000000049494        0x0 ../hello_s_bsp/\libhal_bsp.a(altera_modular_adc.o)
 .bss           0x0000000000049494        0x0 ../hello_s_bsp/\libhal_bsp.a(altera_onchip_flash.o)
 .bss           0x0000000000049494        0x0 ../hello_s_bsp/\libhal_bsp.a(alt_busy_sleep.o)
 .bss           0x0000000000049494        0x0 ../hello_s_bsp/\libhal_bsp.a(alt_dcache_flush.o)
 .bss           0x0000000000049494        0x0 ../hello_s_bsp/\libhal_bsp.a(alt_dev_llist_insert.o)
 .bss           0x0000000000049494        0x0 ../hello_s_bsp/\libhal_bsp.a(alt_errno.o)
 .bss           0x0000000000049494        0x0 ../hello_s_bsp/\libhal_bsp.a(alt_find_dev.o)
 .bss           0x0000000000049494        0x0 ../hello_s_bsp/\libhal_bsp.a(alt_flash_dev.o)
 .bss           0x0000000000049494        0x0 ../hello_s_bsp/\libhal_bsp.a(alt_iic.o)
 .bss           0x0000000000049494        0x0 ../hello_s_bsp/\libhal_bsp.a(alt_iic_isr_register.o)
 .bss           0x0000000000049494        0x0 ../hello_s_bsp/\libhal_bsp.a(alt_irq_entry.o)
 .bss           0x0000000000049494        0x0 ../hello_s_bsp/\libhal_bsp.a(alt_irq_handler.o)
 .bss           0x0000000000049494        0x0 ../hello_s_bsp/\libhal_bsp.a(alt_irq_vars.o)
 .bss           0x0000000000049494        0x0 ../hello_s_bsp/\libhal_bsp.a(altera_nios2_gen2_irq.o)
 .bss           0x0000000000049494        0x0 ../hello_s_bsp/\libhal_bsp.a(alt_exception_entry.o)
 .bss           0x0000000000049494        0x0 ../hello_s_bsp/\libhal_bsp.a(alt_instruction_exception_entry.o)
 .bss           0x0000000000049494        0x0 c:/intelfpga_lite/18.1/nios2eds/bin/gnu/h-x86_64-mingw32/bin/../lib/gcc/nios2-elf/5.3.0/../../../../../H-x86_64-mingw32/nios2-elf/lib/mno-hw-mul\libsmallc.a(lib_a-int_errno.o)
 .bss           0x0000000000049494        0x0 c:/intelfpga_lite/18.1/nios2eds/bin/gnu/h-x86_64-mingw32/bin/../lib/gcc/nios2-elf/5.3.0/../../../../../H-x86_64-mingw32/nios2-elf/lib/mno-hw-mul\libsmallc.a(lib_a-memcmp.o)
 .bss           0x0000000000049494        0x0 c:/intelfpga_lite/18.1/nios2eds/bin/gnu/h-x86_64-mingw32/bin/../lib/gcc/nios2-elf/5.3.0/../../../../../H-x86_64-mingw32/nios2-elf/lib/mno-hw-mul\libsmallc.a(lib_a-memcpy.o)
 .bss           0x0000000000049494        0x0 c:/intelfpga_lite/18.1/nios2eds/bin/gnu/h-x86_64-mingw32/bin/../lib/gcc/nios2-elf/5.3.0/../../../../../H-x86_64-mingw32/nios2-elf/lib/mno-hw-mul\libsmallc.a(lib_a-strlen.o)
 .bss           0x0000000000049494        0x0 c:/intelfpga_lite/18.1/nios2eds/bin/gnu/h-x86_64-mingw32/bin/../lib/gcc/nios2-elf/5.3.0/mno-hw-mul\libgcc.a(lib2-divmod.o)
 .bss           0x0000000000049494        0x0 c:/intelfpga_lite/18.1/nios2eds/bin/gnu/h-x86_64-mingw32/bin/../lib/gcc/nios2-elf/5.3.0/mno-hw-mul\libgcc.a(lib2-mul.o)
 *(COMMON)
 COMMON         0x0000000000049494      0x100 ../hello_s_bsp/\libhal_bsp.a(alt_irq_handler.o)
                0x0000000000049494                alt_irq
                0x0000000000049594                . = ALIGN (0x4)
                0x0000000000049594                __bss_end = ABSOLUTE (.)

.onchip_flash_data
                0x0000000000020020        0x0
                [!provide]                        PROVIDE (_alt_partition_onchip_flash_data_start, ABSOLUTE (.))
 *(.onchip_flash_data .onchip_flash_data. onchip_flash_data.*)
                0x0000000000020020                . = ALIGN (0x4)
                [!provide]                        PROVIDE (_alt_partition_onchip_flash_data_end, ABSOLUTE (.))
                [!provide]                        PROVIDE (_alt_partition_onchip_flash_data_load_addr, LOADADDR (.onchip_flash_data))

.onchip_memory  0x0000000000049594        0x0
                [!provide]                        PROVIDE (_alt_partition_onchip_memory_start, ABSOLUTE (.))
 *(.onchip_memory .onchip_memory. onchip_memory.*)
                0x0000000000049594                . = ALIGN (0x4)
                [!provide]                        PROVIDE (_alt_partition_onchip_memory_end, ABSOLUTE (.))
                0x0000000000049594                _end = ABSOLUTE (.)
                0x0000000000049594                end = ABSOLUTE (.)
                0x0000000000049594                __alt_stack_base = ABSOLUTE (.)
                [!provide]                        PROVIDE (_alt_partition_onchip_memory_load_addr, LOADADDR (.onchip_memory))

.stab
 *(.stab)

.stabstr
 *(.stabstr)

.stab.excl
 *(.stab.excl)

.stab.exclstr
 *(.stab.exclstr)

.stab.index
 *(.stab.index)

.stab.indexstr
 *(.stab.indexstr)

.comment        0x0000000000000000       0x23
 *(.comment)
 .comment       0x0000000000000000       0x23 obj/default/hello_world_small.o
                                         0x24 (size before relaxing)
 .comment       0x0000000000000023       0x24 ../hello_s_bsp/\libhal_bsp.a(alt_main.o)
 .comment       0x0000000000000023       0x24 ../hello_s_bsp/\libhal_bsp.a(alt_putstr.o)
 .comment       0x0000000000000023       0x24 ../hello_s_bsp/\libhal_bsp.a(alt_sys_init.o)
 .comment       0x0000000000000023       0x24 ../hello_s_bsp/\libhal_bsp.a(altera_avalon_jtag_uart_write.o)
 .comment       0x0000000000000023       0x24 ../hello_s_bsp/\libhal_bsp.a(altera_modular_adc.o)
 .comment       0x0000000000000023       0x24 ../hello_s_bsp/\libhal_bsp.a(altera_onchip_flash.o)
 .comment       0x0000000000000023       0x24 ../hello_s_bsp/\libhal_bsp.a(alt_busy_sleep.o)
 .comment       0x0000000000000023       0x24 ../hello_s_bsp/\libhal_bsp.a(alt_dcache_flush.o)
 .comment       0x0000000000000023       0x24 ../hello_s_bsp/\libhal_bsp.a(alt_dev_llist_insert.o)
 .comment       0x0000000000000023       0x24 ../hello_s_bsp/\libhal_bsp.a(alt_errno.o)
 .comment       0x0000000000000023       0x24 ../hello_s_bsp/\libhal_bsp.a(alt_find_dev.o)
 .comment       0x0000000000000023       0x24 ../hello_s_bsp/\libhal_bsp.a(alt_flash_dev.o)
 .comment       0x0000000000000023       0x24 ../hello_s_bsp/\libhal_bsp.a(alt_iic.o)
 .comment       0x0000000000000023       0x24 ../hello_s_bsp/\libhal_bsp.a(alt_iic_isr_register.o)
 .comment       0x0000000000000023       0x24 ../hello_s_bsp/\libhal_bsp.a(alt_irq_handler.o)
 .comment       0x0000000000000023       0x24 ../hello_s_bsp/\libhal_bsp.a(alt_irq_vars.o)
 .comment       0x0000000000000023       0x24 ../hello_s_bsp/\libhal_bsp.a(altera_nios2_gen2_irq.o)
 .comment       0x0000000000000023       0x24 ../hello_s_bsp/\libhal_bsp.a(alt_instruction_exception_entry.o)
 .comment       0x0000000000000023       0x24 c:/intelfpga_lite/18.1/nios2eds/bin/gnu/h-x86_64-mingw32/bin/../lib/gcc/nios2-elf/5.3.0/../../../../../H-x86_64-mingw32/nios2-elf/lib/mno-hw-mul\libsmallc.a(lib_a-int_errno.o)
 .comment       0x0000000000000023       0x24 c:/intelfpga_lite/18.1/nios2eds/bin/gnu/h-x86_64-mingw32/bin/../lib/gcc/nios2-elf/5.3.0/../../../../../H-x86_64-mingw32/nios2-elf/lib/mno-hw-mul\libsmallc.a(lib_a-memcmp.o)
 .comment       0x0000000000000023       0x24 c:/intelfpga_lite/18.1/nios2eds/bin/gnu/h-x86_64-mingw32/bin/../lib/gcc/nios2-elf/5.3.0/../../../../../H-x86_64-mingw32/nios2-elf/lib/mno-hw-mul\libsmallc.a(lib_a-memcpy.o)
 .comment       0x0000000000000023       0x24 c:/intelfpga_lite/18.1/nios2eds/bin/gnu/h-x86_64-mingw32/bin/../lib/gcc/nios2-elf/5.3.0/../../../../../H-x86_64-mingw32/nios2-elf/lib/mno-hw-mul\libsmallc.a(lib_a-strlen.o)
 .comment       0x0000000000000023       0x24 c:/intelfpga_lite/18.1/nios2eds/bin/gnu/h-x86_64-mingw32/bin/../lib/gcc/nios2-elf/5.3.0/mno-hw-mul\libgcc.a(lib2-divmod.o)
 .comment       0x0000000000000023       0x24 c:/intelfpga_lite/18.1/nios2eds/bin/gnu/h-x86_64-mingw32/bin/../lib/gcc/nios2-elf/5.3.0/mno-hw-mul\libgcc.a(lib2-mul.o)

.debug
 *(.debug)

.line
 *(.line)

.debug_srcinfo
 *(.debug_srcinfo)

.debug_sfnames
 *(.debug_sfnames)

.debug_aranges  0x0000000000000000      0x398
 *(.debug_aranges)
 .debug_aranges
                0x0000000000000000       0x20 ../hello_s_bsp//obj/HAL/src/crt0.o
 .debug_aranges
                0x0000000000000020       0x20 obj/default/hello_world_small.o
 .debug_aranges
                0x0000000000000040       0x20 ../hello_s_bsp/\libhal_bsp.a(alt_main.o)
 .debug_aranges
                0x0000000000000060       0x20 ../hello_s_bsp/\libhal_bsp.a(alt_putstr.o)
 .debug_aranges
                0x0000000000000080       0x20 ../hello_s_bsp/\libhal_bsp.a(alt_sys_init.o)
 .debug_aranges
                0x00000000000000a0       0x20 ../hello_s_bsp/\libhal_bsp.a(altera_avalon_jtag_uart_write.o)
 .debug_aranges
                0x00000000000000c0       0x20 ../hello_s_bsp/\libhal_bsp.a(altera_modular_adc.o)
 .debug_aranges
                0x00000000000000e0       0x20 ../hello_s_bsp/\libhal_bsp.a(altera_onchip_flash.o)
 .debug_aranges
                0x0000000000000100       0x20 ../hello_s_bsp/\libhal_bsp.a(alt_busy_sleep.o)
 .debug_aranges
                0x0000000000000120       0x20 ../hello_s_bsp/\libhal_bsp.a(alt_dcache_flush.o)
 .debug_aranges
                0x0000000000000140       0x20 ../hello_s_bsp/\libhal_bsp.a(alt_dev_llist_insert.o)
 .debug_aranges
                0x0000000000000160       0x18 ../hello_s_bsp/\libhal_bsp.a(alt_errno.o)
 .debug_aranges
                0x0000000000000178       0x20 ../hello_s_bsp/\libhal_bsp.a(alt_find_dev.o)
 .debug_aranges
                0x0000000000000198       0x20 ../hello_s_bsp/\libhal_bsp.a(alt_flash_dev.o)
 .debug_aranges
                0x00000000000001b8       0x20 ../hello_s_bsp/\libhal_bsp.a(alt_iic.o)
 .debug_aranges
                0x00000000000001d8       0x20 ../hello_s_bsp/\libhal_bsp.a(alt_iic_isr_register.o)
 .debug_aranges
                0x00000000000001f8       0x30 ../hello_s_bsp/\libhal_bsp.a(alt_irq_entry.o)
 .debug_aranges
                0x0000000000000228       0x20 ../hello_s_bsp/\libhal_bsp.a(alt_irq_handler.o)
 .debug_aranges
                0x0000000000000248       0x18 ../hello_s_bsp/\libhal_bsp.a(alt_irq_vars.o)
 .debug_aranges
                0x0000000000000260       0x20 ../hello_s_bsp/\libhal_bsp.a(altera_nios2_gen2_irq.o)
 .debug_aranges
                0x0000000000000280       0x38 ../hello_s_bsp/\libhal_bsp.a(alt_exception_entry.o)
 .debug_aranges
                0x00000000000002b8       0x28 ../hello_s_bsp/\libhal_bsp.a(alt_instruction_exception_entry.o)
 .debug_aranges
                0x00000000000002e0       0x18 c:/intelfpga_lite/18.1/nios2eds/bin/gnu/h-x86_64-mingw32/bin/../lib/gcc/nios2-elf/5.3.0/../../../../../H-x86_64-mingw32/nios2-elf/lib/mno-hw-mul\libsmallc.a(lib_a-int_errno.o)
 .debug_aranges
                0x00000000000002f8       0x20 c:/intelfpga_lite/18.1/nios2eds/bin/gnu/h-x86_64-mingw32/bin/../lib/gcc/nios2-elf/5.3.0/../../../../../H-x86_64-mingw32/nios2-elf/lib/mno-hw-mul\libsmallc.a(lib_a-memcmp.o)
 .debug_aranges
                0x0000000000000318       0x20 c:/intelfpga_lite/18.1/nios2eds/bin/gnu/h-x86_64-mingw32/bin/../lib/gcc/nios2-elf/5.3.0/../../../../../H-x86_64-mingw32/nios2-elf/lib/mno-hw-mul\libsmallc.a(lib_a-memcpy.o)
 .debug_aranges
                0x0000000000000338       0x20 c:/intelfpga_lite/18.1/nios2eds/bin/gnu/h-x86_64-mingw32/bin/../lib/gcc/nios2-elf/5.3.0/../../../../../H-x86_64-mingw32/nios2-elf/lib/mno-hw-mul\libsmallc.a(lib_a-strlen.o)
 .debug_aranges
                0x0000000000000358       0x20 c:/intelfpga_lite/18.1/nios2eds/bin/gnu/h-x86_64-mingw32/bin/../lib/gcc/nios2-elf/5.3.0/mno-hw-mul\libgcc.a(lib2-divmod.o)
 .debug_aranges
                0x0000000000000378       0x20 c:/intelfpga_lite/18.1/nios2eds/bin/gnu/h-x86_64-mingw32/bin/../lib/gcc/nios2-elf/5.3.0/mno-hw-mul\libgcc.a(lib2-mul.o)

.debug_pubnames
 *(.debug_pubnames)

.debug_info     0x0000000000000000     0x3f6d
 *(.debug_info .gnu.linkonce.wi.*)
 .debug_info    0x0000000000000000       0x91 ../hello_s_bsp//obj/HAL/src/crt0.o
 .debug_info    0x0000000000000091       0x65 obj/default/hello_world_small.o
 .debug_info    0x00000000000000f6      0x169 ../hello_s_bsp/\libhal_bsp.a(alt_main.o)
 .debug_info    0x000000000000025f      0x13a ../hello_s_bsp/\libhal_bsp.a(alt_putstr.o)
 .debug_info    0x0000000000000399      0x7f4 ../hello_s_bsp/\libhal_bsp.a(alt_sys_init.o)
 .debug_info    0x0000000000000b8d      0x197 ../hello_s_bsp/\libhal_bsp.a(altera_avalon_jtag_uart_write.o)
 .debug_info    0x0000000000000d24      0x957 ../hello_s_bsp/\libhal_bsp.a(altera_modular_adc.o)
 .debug_info    0x000000000000167b      0xb5b ../hello_s_bsp/\libhal_bsp.a(altera_onchip_flash.o)
 .debug_info    0x00000000000021d6       0xd8 ../hello_s_bsp/\libhal_bsp.a(alt_busy_sleep.o)
 .debug_info    0x00000000000022ae       0xba ../hello_s_bsp/\libhal_bsp.a(alt_dcache_flush.o)
 .debug_info    0x0000000000002368      0x1b3 ../hello_s_bsp/\libhal_bsp.a(alt_dev_llist_insert.o)
 .debug_info    0x000000000000251b       0xa6 ../hello_s_bsp/\libhal_bsp.a(alt_errno.o)
 .debug_info    0x00000000000025c1      0x32d ../hello_s_bsp/\libhal_bsp.a(alt_find_dev.o)
 .debug_info    0x00000000000028ee      0x41c ../hello_s_bsp/\libhal_bsp.a(alt_flash_dev.o)
 .debug_info    0x0000000000002d0a      0x38a ../hello_s_bsp/\libhal_bsp.a(alt_iic.o)
 .debug_info    0x0000000000003094      0x232 ../hello_s_bsp/\libhal_bsp.a(alt_iic_isr_register.o)
 .debug_info    0x00000000000032c6       0x96 ../hello_s_bsp/\libhal_bsp.a(alt_irq_entry.o)
 .debug_info    0x000000000000335c      0x184 ../hello_s_bsp/\libhal_bsp.a(alt_irq_handler.o)
 .debug_info    0x00000000000034e0       0x88 ../hello_s_bsp/\libhal_bsp.a(alt_irq_vars.o)
 .debug_info    0x0000000000003568       0x92 ../hello_s_bsp/\libhal_bsp.a(altera_nios2_gen2_irq.o)
 .debug_info    0x00000000000035fa       0x9c ../hello_s_bsp/\libhal_bsp.a(alt_exception_entry.o)
 .debug_info    0x0000000000003696      0x1fd ../hello_s_bsp/\libhal_bsp.a(alt_instruction_exception_entry.o)
 .debug_info    0x0000000000003893       0x8a c:/intelfpga_lite/18.1/nios2eds/bin/gnu/h-x86_64-mingw32/bin/../lib/gcc/nios2-elf/5.3.0/../../../../../H-x86_64-mingw32/nios2-elf/lib/mno-hw-mul\libsmallc.a(lib_a-int_errno.o)
 .debug_info    0x000000000000391d       0xf4 c:/intelfpga_lite/18.1/nios2eds/bin/gnu/h-x86_64-mingw32/bin/../lib/gcc/nios2-elf/5.3.0/../../../../../H-x86_64-mingw32/nios2-elf/lib/mno-hw-mul\libsmallc.a(lib_a-memcmp.o)
 .debug_info    0x0000000000003a11      0x119 c:/intelfpga_lite/18.1/nios2eds/bin/gnu/h-x86_64-mingw32/bin/../lib/gcc/nios2-elf/5.3.0/../../../../../H-x86_64-mingw32/nios2-elf/lib/mno-hw-mul\libsmallc.a(lib_a-memcpy.o)
 .debug_info    0x0000000000003b2a       0xc9 c:/intelfpga_lite/18.1/nios2eds/bin/gnu/h-x86_64-mingw32/bin/../lib/gcc/nios2-elf/5.3.0/../../../../../H-x86_64-mingw32/nios2-elf/lib/mno-hw-mul\libsmallc.a(lib_a-strlen.o)
 .debug_info    0x0000000000003bf3      0x2c6 c:/intelfpga_lite/18.1/nios2eds/bin/gnu/h-x86_64-mingw32/bin/../lib/gcc/nios2-elf/5.3.0/mno-hw-mul\libgcc.a(lib2-divmod.o)
 .debug_info    0x0000000000003eb9       0xb4 c:/intelfpga_lite/18.1/nios2eds/bin/gnu/h-x86_64-mingw32/bin/../lib/gcc/nios2-elf/5.3.0/mno-hw-mul\libgcc.a(lib2-mul.o)

.debug_abbrev   0x0000000000000000     0x17cb
 *(.debug_abbrev)
 .debug_abbrev  0x0000000000000000       0x14 ../hello_s_bsp//obj/HAL/src/crt0.o
 .debug_abbrev  0x0000000000000014       0x64 obj/default/hello_world_small.o
 .debug_abbrev  0x0000000000000078       0xee ../hello_s_bsp/\libhal_bsp.a(alt_main.o)
 .debug_abbrev  0x0000000000000166       0xd3 ../hello_s_bsp/\libhal_bsp.a(alt_putstr.o)
 .debug_abbrev  0x0000000000000239      0x187 ../hello_s_bsp/\libhal_bsp.a(alt_sys_init.o)
 .debug_abbrev  0x00000000000003c0       0xd5 ../hello_s_bsp/\libhal_bsp.a(altera_avalon_jtag_uart_write.o)
 .debug_abbrev  0x0000000000000495      0x28e ../hello_s_bsp/\libhal_bsp.a(altera_modular_adc.o)
 .debug_abbrev  0x0000000000000723      0x285 ../hello_s_bsp/\libhal_bsp.a(altera_onchip_flash.o)
 .debug_abbrev  0x00000000000009a8       0x8d ../hello_s_bsp/\libhal_bsp.a(alt_busy_sleep.o)
 .debug_abbrev  0x0000000000000a35       0x74 ../hello_s_bsp/\libhal_bsp.a(alt_dcache_flush.o)
 .debug_abbrev  0x0000000000000aa9      0x11c ../hello_s_bsp/\libhal_bsp.a(alt_dev_llist_insert.o)
 .debug_abbrev  0x0000000000000bc5       0x5a ../hello_s_bsp/\libhal_bsp.a(alt_errno.o)
 .debug_abbrev  0x0000000000000c1f      0x125 ../hello_s_bsp/\libhal_bsp.a(alt_find_dev.o)
 .debug_abbrev  0x0000000000000d44      0x150 ../hello_s_bsp/\libhal_bsp.a(alt_flash_dev.o)
 .debug_abbrev  0x0000000000000e94      0x1a0 ../hello_s_bsp/\libhal_bsp.a(alt_iic.o)
 .debug_abbrev  0x0000000000001034      0x19c ../hello_s_bsp/\libhal_bsp.a(alt_iic_isr_register.o)
 .debug_abbrev  0x00000000000011d0       0x12 ../hello_s_bsp/\libhal_bsp.a(alt_irq_entry.o)
 .debug_abbrev  0x00000000000011e2      0x120 ../hello_s_bsp/\libhal_bsp.a(alt_irq_handler.o)
 .debug_abbrev  0x0000000000001302       0x40 ../hello_s_bsp/\libhal_bsp.a(alt_irq_vars.o)
 .debug_abbrev  0x0000000000001342       0x42 ../hello_s_bsp/\libhal_bsp.a(altera_nios2_gen2_irq.o)
 .debug_abbrev  0x0000000000001384       0x12 ../hello_s_bsp/\libhal_bsp.a(alt_exception_entry.o)
 .debug_abbrev  0x0000000000001396       0xe7 ../hello_s_bsp/\libhal_bsp.a(alt_instruction_exception_entry.o)
 .debug_abbrev  0x000000000000147d       0x37 c:/intelfpga_lite/18.1/nios2eds/bin/gnu/h-x86_64-mingw32/bin/../lib/gcc/nios2-elf/5.3.0/../../../../../H-x86_64-mingw32/nios2-elf/lib/mno-hw-mul\libsmallc.a(lib_a-int_errno.o)
 .debug_abbrev  0x00000000000014b4       0x7f c:/intelfpga_lite/18.1/nios2eds/bin/gnu/h-x86_64-mingw32/bin/../lib/gcc/nios2-elf/5.3.0/../../../../../H-x86_64-mingw32/nios2-elf/lib/mno-hw-mul\libsmallc.a(lib_a-memcmp.o)
 .debug_abbrev  0x0000000000001533       0x9c c:/intelfpga_lite/18.1/nios2eds/bin/gnu/h-x86_64-mingw32/bin/../lib/gcc/nios2-elf/5.3.0/../../../../../H-x86_64-mingw32/nios2-elf/lib/mno-hw-mul\libsmallc.a(lib_a-memcpy.o)
 .debug_abbrev  0x00000000000015cf       0x7f c:/intelfpga_lite/18.1/nios2eds/bin/gnu/h-x86_64-mingw32/bin/../lib/gcc/nios2-elf/5.3.0/../../../../../H-x86_64-mingw32/nios2-elf/lib/mno-hw-mul\libsmallc.a(lib_a-strlen.o)
 .debug_abbrev  0x000000000000164e      0x10e c:/intelfpga_lite/18.1/nios2eds/bin/gnu/h-x86_64-mingw32/bin/../lib/gcc/nios2-elf/5.3.0/mno-hw-mul\libgcc.a(lib2-divmod.o)
 .debug_abbrev  0x000000000000175c       0x6f c:/intelfpga_lite/18.1/nios2eds/bin/gnu/h-x86_64-mingw32/bin/../lib/gcc/nios2-elf/5.3.0/mno-hw-mul\libgcc.a(lib2-mul.o)

.debug_line     0x0000000000000000     0x191b
 *(.debug_line)
 .debug_line    0x0000000000000000       0x51 ../hello_s_bsp//obj/HAL/src/crt0.o
 .debug_line    0x0000000000000051       0x74 obj/default/hello_world_small.o
 .debug_line    0x00000000000000c5       0xbd ../hello_s_bsp/\libhal_bsp.a(alt_main.o)
 .debug_line    0x0000000000000182       0xa0 ../hello_s_bsp/\libhal_bsp.a(alt_putstr.o)
 .debug_line    0x0000000000000222      0x17a ../hello_s_bsp/\libhal_bsp.a(alt_sys_init.o)
 .debug_line    0x000000000000039c       0xf0 ../hello_s_bsp/\libhal_bsp.a(altera_avalon_jtag_uart_write.o)
 .debug_line    0x000000000000048c      0x214 ../hello_s_bsp/\libhal_bsp.a(altera_modular_adc.o)
 .debug_line    0x00000000000006a0      0x36f ../hello_s_bsp/\libhal_bsp.a(altera_onchip_flash.o)
 .debug_line    0x0000000000000a0f       0xb5 ../hello_s_bsp/\libhal_bsp.a(alt_busy_sleep.o)
 .debug_line    0x0000000000000ac4       0x63 ../hello_s_bsp/\libhal_bsp.a(alt_dcache_flush.o)
 .debug_line    0x0000000000000b27       0xd8 ../hello_s_bsp/\libhal_bsp.a(alt_dev_llist_insert.o)
 .debug_line    0x0000000000000bff       0x51 ../hello_s_bsp/\libhal_bsp.a(alt_errno.o)
 .debug_line    0x0000000000000c50      0x107 ../hello_s_bsp/\libhal_bsp.a(alt_find_dev.o)
 .debug_line    0x0000000000000d57       0xdd ../hello_s_bsp/\libhal_bsp.a(alt_flash_dev.o)
 .debug_line    0x0000000000000e34       0xf1 ../hello_s_bsp/\libhal_bsp.a(alt_iic.o)
 .debug_line    0x0000000000000f25       0xd6 ../hello_s_bsp/\libhal_bsp.a(alt_iic_isr_register.o)
 .debug_line    0x0000000000000ffb       0x6b ../hello_s_bsp/\libhal_bsp.a(alt_irq_entry.o)
 .debug_line    0x0000000000001066       0xa5 ../hello_s_bsp/\libhal_bsp.a(alt_irq_handler.o)
 .debug_line    0x000000000000110b       0x50 ../hello_s_bsp/\libhal_bsp.a(alt_irq_vars.o)
 .debug_line    0x000000000000115b       0x50 ../hello_s_bsp/\libhal_bsp.a(altera_nios2_gen2_irq.o)
 .debug_line    0x00000000000011ab       0xb3 ../hello_s_bsp/\libhal_bsp.a(alt_exception_entry.o)
 .debug_line    0x000000000000125e       0xbf ../hello_s_bsp/\libhal_bsp.a(alt_instruction_exception_entry.o)
 .debug_line    0x000000000000131d       0x5f c:/intelfpga_lite/18.1/nios2eds/bin/gnu/h-x86_64-mingw32/bin/../lib/gcc/nios2-elf/5.3.0/../../../../../H-x86_64-mingw32/nios2-elf/lib/mno-hw-mul\libsmallc.a(lib_a-int_errno.o)
 .debug_line    0x000000000000137c      0x160 c:/intelfpga_lite/18.1/nios2eds/bin/gnu/h-x86_64-mingw32/bin/../lib/gcc/nios2-elf/5.3.0/../../../../../H-x86_64-mingw32/nios2-elf/lib/mno-hw-mul\libsmallc.a(lib_a-memcmp.o)
 .debug_line    0x00000000000014dc      0x15e c:/intelfpga_lite/18.1/nios2eds/bin/gnu/h-x86_64-mingw32/bin/../lib/gcc/nios2-elf/5.3.0/../../../../../H-x86_64-mingw32/nios2-elf/lib/mno-hw-mul\libsmallc.a(lib_a-memcpy.o)
 .debug_line    0x000000000000163a      0x15c c:/intelfpga_lite/18.1/nios2eds/bin/gnu/h-x86_64-mingw32/bin/../lib/gcc/nios2-elf/5.3.0/../../../../../H-x86_64-mingw32/nios2-elf/lib/mno-hw-mul\libsmallc.a(lib_a-strlen.o)
 .debug_line    0x0000000000001796      0x105 c:/intelfpga_lite/18.1/nios2eds/bin/gnu/h-x86_64-mingw32/bin/../lib/gcc/nios2-elf/5.3.0/mno-hw-mul\libgcc.a(lib2-divmod.o)
 .debug_line    0x000000000000189b       0x80 c:/intelfpga_lite/18.1/nios2eds/bin/gnu/h-x86_64-mingw32/bin/../lib/gcc/nios2-elf/5.3.0/mno-hw-mul\libgcc.a(lib2-mul.o)

.debug_frame    0x0000000000000000      0x6d4
 *(.debug_frame)
 .debug_frame   0x0000000000000000       0x28 obj/default/hello_world_small.o
 .debug_frame   0x0000000000000028       0x2c ../hello_s_bsp/\libhal_bsp.a(alt_main.o)
 .debug_frame   0x0000000000000054       0x30 ../hello_s_bsp/\libhal_bsp.a(alt_putstr.o)
 .debug_frame   0x0000000000000084       0x48 ../hello_s_bsp/\libhal_bsp.a(alt_sys_init.o)
 .debug_frame   0x00000000000000cc       0x20 ../hello_s_bsp/\libhal_bsp.a(altera_avalon_jtag_uart_write.o)
 .debug_frame   0x00000000000000ec      0x15c ../hello_s_bsp/\libhal_bsp.a(altera_modular_adc.o)
 .debug_frame   0x0000000000000248      0x1b4 ../hello_s_bsp/\libhal_bsp.a(altera_onchip_flash.o)
 .debug_frame   0x00000000000003fc       0x30 ../hello_s_bsp/\libhal_bsp.a(alt_busy_sleep.o)
 .debug_frame   0x000000000000042c       0x20 ../hello_s_bsp/\libhal_bsp.a(alt_dcache_flush.o)
 .debug_frame   0x000000000000044c       0x2c ../hello_s_bsp/\libhal_bsp.a(alt_dev_llist_insert.o)
 .debug_frame   0x0000000000000478       0x3c ../hello_s_bsp/\libhal_bsp.a(alt_find_dev.o)
 .debug_frame   0x00000000000004b4       0x4c ../hello_s_bsp/\libhal_bsp.a(alt_flash_dev.o)
 .debug_frame   0x0000000000000500       0x50 ../hello_s_bsp/\libhal_bsp.a(alt_iic.o)
 .debug_frame   0x0000000000000550       0x30 ../hello_s_bsp/\libhal_bsp.a(alt_iic_isr_register.o)
 .debug_frame   0x0000000000000580       0x34 ../hello_s_bsp/\libhal_bsp.a(alt_irq_handler.o)
 .debug_frame   0x00000000000005b4       0x20 ../hello_s_bsp/\libhal_bsp.a(altera_nios2_gen2_irq.o)
 .debug_frame   0x00000000000005d4       0x30 ../hello_s_bsp/\libhal_bsp.a(alt_instruction_exception_entry.o)
 .debug_frame   0x0000000000000604       0x20 c:/intelfpga_lite/18.1/nios2eds/bin/gnu/h-x86_64-mingw32/bin/../lib/gcc/nios2-elf/5.3.0/../../../../../H-x86_64-mingw32/nios2-elf/lib/mno-hw-mul\libsmallc.a(lib_a-memcmp.o)
 .debug_frame   0x0000000000000624       0x20 c:/intelfpga_lite/18.1/nios2eds/bin/gnu/h-x86_64-mingw32/bin/../lib/gcc/nios2-elf/5.3.0/../../../../../H-x86_64-mingw32/nios2-elf/lib/mno-hw-mul\libsmallc.a(lib_a-memcpy.o)
 .debug_frame   0x0000000000000644       0x20 c:/intelfpga_lite/18.1/nios2eds/bin/gnu/h-x86_64-mingw32/bin/../lib/gcc/nios2-elf/5.3.0/../../../../../H-x86_64-mingw32/nios2-elf/lib/mno-hw-mul\libsmallc.a(lib_a-strlen.o)
 .debug_frame   0x0000000000000664       0x50 c:/intelfpga_lite/18.1/nios2eds/bin/gnu/h-x86_64-mingw32/bin/../lib/gcc/nios2-elf/5.3.0/mno-hw-mul\libgcc.a(lib2-divmod.o)
 .debug_frame   0x00000000000006b4       0x20 c:/intelfpga_lite/18.1/nios2eds/bin/gnu/h-x86_64-mingw32/bin/../lib/gcc/nios2-elf/5.3.0/mno-hw-mul\libgcc.a(lib2-mul.o)

.debug_str      0x0000000000000000     0x17ba
 *(.debug_str)
 .debug_str     0x0000000000000000       0xbd obj/default/hello_world_small.o
                                         0xc2 (size before relaxing)
 .debug_str     0x00000000000000bd      0x14d ../hello_s_bsp/\libhal_bsp.a(alt_main.o)
                                        0x1d4 (size before relaxing)
 .debug_str     0x000000000000020a       0x64 ../hello_s_bsp/\libhal_bsp.a(alt_putstr.o)
                                        0x1af (size before relaxing)
 .debug_str     0x000000000000026e      0x400 ../hello_s_bsp/\libhal_bsp.a(alt_sys_init.o)
                                        0x626 (size before relaxing)
 .debug_str     0x000000000000066e       0x32 ../hello_s_bsp/\libhal_bsp.a(altera_avalon_jtag_uart_write.o)
                                        0x234 (size before relaxing)
 .debug_str     0x00000000000006a0      0x2f4 ../hello_s_bsp/\libhal_bsp.a(altera_modular_adc.o)
                                        0x58b (size before relaxing)
 .debug_str     0x0000000000000994      0x2d9 ../hello_s_bsp/\libhal_bsp.a(altera_onchip_flash.o)
                                        0x74d (size before relaxing)
 .debug_str     0x0000000000000c6d       0x33 ../hello_s_bsp/\libhal_bsp.a(alt_busy_sleep.o)
                                        0x18a (size before relaxing)
 .debug_str     0x0000000000000ca0       0x1b ../hello_s_bsp/\libhal_bsp.a(alt_dcache_flush.o)
                                        0x17a (size before relaxing)
 .debug_str     0x0000000000000cbb       0x48 ../hello_s_bsp/\libhal_bsp.a(alt_dev_llist_insert.o)
                                        0x1eb (size before relaxing)
 .debug_str     0x0000000000000d03       0x14 ../hello_s_bsp/\libhal_bsp.a(alt_errno.o)
                                        0x164 (size before relaxing)
 .debug_str     0x0000000000000d17       0x17 ../hello_s_bsp/\libhal_bsp.a(alt_find_dev.o)
                                        0x219 (size before relaxing)
 .debug_str     0x0000000000000d2e       0x3f ../hello_s_bsp/\libhal_bsp.a(alt_flash_dev.o)
                                        0x337 (size before relaxing)
 .debug_str     0x0000000000000d6d       0xb8 ../hello_s_bsp/\libhal_bsp.a(alt_iic.o)
                                        0x272 (size before relaxing)
 .debug_str     0x0000000000000e25       0x37 ../hello_s_bsp/\libhal_bsp.a(alt_iic_isr_register.o)
                                        0x22c (size before relaxing)
 .debug_str     0x0000000000000e5c       0x3a ../hello_s_bsp/\libhal_bsp.a(alt_irq_handler.o)
                                        0x1b6 (size before relaxing)
 .debug_str     0x0000000000000e96       0x17 ../hello_s_bsp/\libhal_bsp.a(alt_irq_vars.o)
                                        0x159 (size before relaxing)
 .debug_str     0x0000000000000ead       0x20 ../hello_s_bsp/\libhal_bsp.a(altera_nios2_gen2_irq.o)
                                        0x17b (size before relaxing)
 .debug_str     0x0000000000000ecd      0x48b ../hello_s_bsp/\libhal_bsp.a(alt_instruction_exception_entry.o)
                                        0x5bf (size before relaxing)
 .debug_str     0x0000000000001358      0x134 c:/intelfpga_lite/18.1/nios2eds/bin/gnu/h-x86_64-mingw32/bin/../lib/gcc/nios2-elf/5.3.0/../../../../../H-x86_64-mingw32/nios2-elf/lib/mno-hw-mul\libsmallc.a(lib_a-int_errno.o)
                                        0x1d8 (size before relaxing)
 .debug_str     0x000000000000148c       0xd9 c:/intelfpga_lite/18.1/nios2eds/bin/gnu/h-x86_64-mingw32/bin/../lib/gcc/nios2-elf/5.3.0/../../../../../H-x86_64-mingw32/nios2-elf/lib/mno-hw-mul\libsmallc.a(lib_a-memcmp.o)
                                        0x1df (size before relaxing)
 .debug_str     0x0000000000001565       0x51 c:/intelfpga_lite/18.1/nios2eds/bin/gnu/h-x86_64-mingw32/bin/../lib/gcc/nios2-elf/5.3.0/../../../../../H-x86_64-mingw32/nios2-elf/lib/mno-hw-mul\libsmallc.a(lib_a-memcpy.o)
                                        0x1f3 (size before relaxing)
 .debug_str     0x00000000000015b6       0x3d c:/intelfpga_lite/18.1/nios2eds/bin/gnu/h-x86_64-mingw32/bin/../lib/gcc/nios2-elf/5.3.0/../../../../../H-x86_64-mingw32/nios2-elf/lib/mno-hw-mul\libsmallc.a(lib_a-strlen.o)
                                        0x1e5 (size before relaxing)
 .debug_str     0x00000000000015f3      0x187 c:/intelfpga_lite/18.1/nios2eds/bin/gnu/h-x86_64-mingw32/bin/../lib/gcc/nios2-elf/5.3.0/mno-hw-mul\libgcc.a(lib2-divmod.o)
                                        0x1d2 (size before relaxing)
 .debug_str     0x000000000000177a       0x40 c:/intelfpga_lite/18.1/nios2eds/bin/gnu/h-x86_64-mingw32/bin/../lib/gcc/nios2-elf/5.3.0/mno-hw-mul\libgcc.a(lib2-mul.o)
                                        0x193 (size before relaxing)

.debug_loc      0x0000000000000000     0x1d7b
 *(.debug_loc)
 .debug_loc     0x0000000000000000       0x37 ../hello_s_bsp/\libhal_bsp.a(alt_putstr.o)
 .debug_loc     0x0000000000000037       0x21 ../hello_s_bsp/\libhal_bsp.a(alt_sys_init.o)
 .debug_loc     0x0000000000000058       0x8b ../hello_s_bsp/\libhal_bsp.a(altera_avalon_jtag_uart_write.o)
 .debug_loc     0x00000000000000e3      0x3bc ../hello_s_bsp/\libhal_bsp.a(altera_modular_adc.o)
 .debug_loc     0x000000000000049f      0xbbd ../hello_s_bsp/\libhal_bsp.a(altera_onchip_flash.o)
 .debug_loc     0x000000000000105c       0x67 ../hello_s_bsp/\libhal_bsp.a(alt_busy_sleep.o)
 .debug_loc     0x00000000000010c3       0x7e ../hello_s_bsp/\libhal_bsp.a(alt_dev_llist_insert.o)
 .debug_loc     0x0000000000001141       0x7e ../hello_s_bsp/\libhal_bsp.a(alt_find_dev.o)
 .debug_loc     0x00000000000011bf       0x9a ../hello_s_bsp/\libhal_bsp.a(alt_flash_dev.o)
 .debug_loc     0x0000000000001259      0x170 ../hello_s_bsp/\libhal_bsp.a(alt_iic.o)
 .debug_loc     0x00000000000013c9      0x193 ../hello_s_bsp/\libhal_bsp.a(alt_iic_isr_register.o)
 .debug_loc     0x000000000000155c       0x72 ../hello_s_bsp/\libhal_bsp.a(alt_irq_handler.o)
 .debug_loc     0x00000000000015ce       0x65 ../hello_s_bsp/\libhal_bsp.a(alt_instruction_exception_entry.o)
 .debug_loc     0x0000000000001633       0x94 c:/intelfpga_lite/18.1/nios2eds/bin/gnu/h-x86_64-mingw32/bin/../lib/gcc/nios2-elf/5.3.0/../../../../../H-x86_64-mingw32/nios2-elf/lib/mno-hw-mul\libsmallc.a(lib_a-memcmp.o)
 .debug_loc     0x00000000000016c7      0x135 c:/intelfpga_lite/18.1/nios2eds/bin/gnu/h-x86_64-mingw32/bin/../lib/gcc/nios2-elf/5.3.0/../../../../../H-x86_64-mingw32/nios2-elf/lib/mno-hw-mul\libsmallc.a(lib_a-memcpy.o)
 .debug_loc     0x00000000000017fc       0x1e c:/intelfpga_lite/18.1/nios2eds/bin/gnu/h-x86_64-mingw32/bin/../lib/gcc/nios2-elf/5.3.0/../../../../../H-x86_64-mingw32/nios2-elf/lib/mno-hw-mul\libsmallc.a(lib_a-strlen.o)
 .debug_loc     0x000000000000181a      0x4ce c:/intelfpga_lite/18.1/nios2eds/bin/gnu/h-x86_64-mingw32/bin/../lib/gcc/nios2-elf/5.3.0/mno-hw-mul\libgcc.a(lib2-divmod.o)
 .debug_loc     0x0000000000001ce8       0x93 c:/intelfpga_lite/18.1/nios2eds/bin/gnu/h-x86_64-mingw32/bin/../lib/gcc/nios2-elf/5.3.0/mno-hw-mul\libgcc.a(lib2-mul.o)

.debug_macinfo
 *(.debug_macinfo)

.debug_weaknames
 *(.debug_weaknames)

.debug_funcnames
 *(.debug_funcnames)

.debug_typenames
 *(.debug_typenames)

.debug_varnames
 *(.debug_varnames)

.debug_alt_sim_info
                0x0000000000000000       0x40
 *(.debug_alt_sim_info)
 .debug_alt_sim_info
                0x0000000000000000       0x10 ../hello_s_bsp//obj/HAL/src/crt0.o
 .debug_alt_sim_info
                0x0000000000000010       0x30 ../hello_s_bsp/\libhal_bsp.a(alt_busy_sleep.o)
                0x0000000000050000                __alt_data_end = 0x50000
                0x0000000000050000                PROVIDE (__alt_stack_pointer, __alt_data_end)
                [!provide]                        PROVIDE (__alt_stack_limit, __alt_stack_base)
                [!provide]                        PROVIDE (__alt_heap_start, end)
                [!provide]                        PROVIDE (__alt_heap_limit, 0x50000)
OUTPUT(hello_s.elf elf32-littlenios2)

.debug_ranges   0x0000000000000000      0x158
 .debug_ranges  0x0000000000000000       0x10 obj/default/hello_world_small.o
 .debug_ranges  0x0000000000000010       0x18 ../hello_s_bsp/\libhal_bsp.a(altera_onchip_flash.o)
 .debug_ranges  0x0000000000000028       0x20 ../hello_s_bsp/\libhal_bsp.a(alt_dev_llist_insert.o)
 .debug_ranges  0x0000000000000048       0x28 ../hello_s_bsp/\libhal_bsp.a(alt_irq_entry.o)
 .debug_ranges  0x0000000000000070       0x10 ../hello_s_bsp/\libhal_bsp.a(alt_irq_handler.o)
 .debug_ranges  0x0000000000000080       0x30 ../hello_s_bsp/\libhal_bsp.a(alt_exception_entry.o)
 .debug_ranges  0x00000000000000b0       0x18 ../hello_s_bsp/\libhal_bsp.a(alt_instruction_exception_entry.o)
 .debug_ranges  0x00000000000000c8       0x10 c:/intelfpga_lite/18.1/nios2eds/bin/gnu/h-x86_64-mingw32/bin/../lib/gcc/nios2-elf/5.3.0/../../../../../H-x86_64-mingw32/nios2-elf/lib/mno-hw-mul\libsmallc.a(lib_a-memcmp.o)
 .debug_ranges  0x00000000000000d8       0x10 c:/intelfpga_lite/18.1/nios2eds/bin/gnu/h-x86_64-mingw32/bin/../lib/gcc/nios2-elf/5.3.0/../../../../../H-x86_64-mingw32/nios2-elf/lib/mno-hw-mul\libsmallc.a(lib_a-memcpy.o)
 .debug_ranges  0x00000000000000e8       0x10 c:/intelfpga_lite/18.1/nios2eds/bin/gnu/h-x86_64-mingw32/bin/../lib/gcc/nios2-elf/5.3.0/../../../../../H-x86_64-mingw32/nios2-elf/lib/mno-hw-mul\libsmallc.a(lib_a-strlen.o)
 .debug_ranges  0x00000000000000f8       0x60 c:/intelfpga_lite/18.1/nios2eds/bin/gnu/h-x86_64-mingw32/bin/../lib/gcc/nios2-elf/5.3.0/mno-hw-mul\libgcc.a(lib2-divmod.o)
