------------------------------------------------------------
Timing Analyzer Summary
------------------------------------------------------------

Type  : Slow 1200mV 85C Model Setup 'u0|altpll_0|sd1|pll7|clk[1]'
Slack : -5.526
TNS   : -43.627

Type  : Slow 1200mV 85C Model Setup 'SPI_CLK'
Slack : -4.340
TNS   : -46.699

Type  : Slow 1200mV 85C Model Hold 'u0|altpll_0|sd1|pll7|clk[1]'
Slack : 0.362
TNS   : 0.000

Type  : Slow 1200mV 85C Model Hold 'SPI_CLK'
Slack : 2.284
TNS   : 0.000

Type  : Slow 1200mV 85C Model Minimum Pulse Width 'u0|altpll_0|sd1|pll7|clk[1]'
Slack : 2.855
TNS   : 0.000

Type  : Slow 1200mV 85C Model Minimum Pulse Width 'SPI_CLK'
Slack : 4.277
TNS   : 0.000

Type  : Slow 1200mV 85C Model Minimum Pulse Width 'CLK50M'
Slack : 9.877
TNS   : 0.000

Type  : Slow 1200mV 0C Model Setup 'u0|altpll_0|sd1|pll7|clk[1]'
Slack : -5.148
TNS   : -40.610

Type  : Slow 1200mV 0C Model Setup 'SPI_CLK'
Slack : -4.250
TNS   : -45.634

Type  : Slow 1200mV 0C Model Hold 'u0|altpll_0|sd1|pll7|clk[1]'
Slack : 0.324
TNS   : 0.000

Type  : Slow 1200mV 0C Model Hold 'SPI_CLK'
Slack : 2.022
TNS   : 0.000

Type  : Slow 1200mV 0C Model Minimum Pulse Width 'u0|altpll_0|sd1|pll7|clk[1]'
Slack : 2.865
TNS   : 0.000

Type  : Slow 1200mV 0C Model Minimum Pulse Width 'SPI_CLK'
Slack : 4.202
TNS   : 0.000

Type  : Slow 1200mV 0C Model Minimum Pulse Width 'CLK50M'
Slack : 9.881
TNS   : 0.000

Type  : Fast 1200mV 0C Model Setup 'u0|altpll_0|sd1|pll7|clk[1]'
Slack : -1.934
TNS   : -15.157

Type  : Fast 1200mV 0C Model Setup 'SPI_CLK'
Slack : -1.782
TNS   : -20.095

Type  : Fast 1200mV 0C Model Hold 'u0|altpll_0|sd1|pll7|clk[1]'
Slack : 0.152
TNS   : 0.000

Type  : Fast 1200mV 0C Model Hold 'SPI_CLK'
Slack : 0.974
TNS   : 0.000

Type  : Fast 1200mV 0C Model Minimum Pulse Width 'u0|altpll_0|sd1|pll7|clk[1]'
Slack : 2.907
TNS   : 0.000

Type  : Fast 1200mV 0C Model Minimum Pulse Width 'SPI_CLK'
Slack : 3.783
TNS   : 0.000

Type  : Fast 1200mV 0C Model Minimum Pulse Width 'CLK50M'
Slack : 9.504
TNS   : 0.000

------------------------------------------------------------
