Flow report for top
Thu Jul 18 21:07:01 2024
Quartus Prime Version 18.1.1 Build 646 04/11/2019 SJ Lite Edition


---------------------
; Table of Contents ;
---------------------
  1. Legal Notice
  2. Flow Summary
  3. Flow Settings
  4. Flow Non-Default Global Settings
  5. Flow Elapsed Time
  6. Flow OS Summary
  7. Flow Log
  8. Flow Messages
  9. Flow Suppressed Messages



----------------
; Legal Notice ;
----------------
Copyright (C) 2019  Intel Corporation. All rights reserved.
Your use of Intel Corporation's design tools, logic functions 
and other software and tools, and any partner logic 
functions, and any output files from any of the foregoing 
(including device programming or simulation files), and any 
associated documentation or information are expressly subject 
to the terms and conditions of the Intel Program License 
Subscription Agreement, the Intel Quartus Prime License Agreement,
the Intel FPGA IP License Agreement, or other applicable license
agreement, including, without limitation, that your use is for
the sole purpose of programming logic devices manufactured by
Intel and sold by Intel or its authorized distributors.  Please
refer to the applicable agreement for further details, at
https://fpgasoftware.intel.com/eula.



+----------------------------------------------------------------------------------+
; Flow Summary                                                                     ;
+------------------------------------+---------------------------------------------+
; Flow Status                        ; Successful - Thu Jul 18 21:07:01 2024       ;
; Quartus Prime Version              ; 18.1.1 Build 646 04/11/2019 SJ Lite Edition ;
; Revision Name                      ; top                                         ;
; Top-level Entity Name              ; max10_10m08_top                             ;
; Family                             ; MAX 10                                      ;
; Device                             ; 10M08SAE144C8G                              ;
; Timing Models                      ; Final                                       ;
; Total logic elements               ; 78 / 8,064 ( < 1 % )                        ;
;     Total combinational functions  ; 39 / 8,064 ( < 1 % )                        ;
;     Dedicated logic registers      ; 55 / 8,064 ( < 1 % )                        ;
; Total registers                    ; 55                                          ;
; Total pins                         ; 10 / 101 ( 10 % )                           ;
; Total virtual pins                 ; 0                                           ;
; Total memory bits                  ; 0 / 387,072 ( 0 % )                         ;
; Embedded Multiplier 9-bit elements ; 0 / 48 ( 0 % )                              ;
; Total PLLs                         ; 1 / 1 ( 100 % )                             ;
; UFM blocks                         ; 0 / 1 ( 0 % )                               ;
; ADC blocks                         ; 0 / 1 ( 0 % )                               ;
+------------------------------------+---------------------------------------------+


+-----------------------------------------+
; Flow Settings                           ;
+-------------------+---------------------+
; Option            ; Setting             ;
+-------------------+---------------------+
; Start date & time ; 07/18/2024 21:04:31 ;
; Main task         ; Compilation         ;
; Revision Name     ; top                 ;
+-------------------+---------------------+


+------------------------------------------------------------------------------------------------------------------------------------------+
; Flow Non-Default Global Settings                                                                                                         ;
+----------------------------------------------+----------------------------------------+---------------+-----------------+----------------+
; Assignment Name                              ; Value                                  ; Default Value ; Entity Name     ; Section Id     ;
+----------------------------------------------+----------------------------------------+---------------+-----------------+----------------+
; ADV_NETLIST_OPT_SYNTH_WYSIWYG_REMAP          ; On                                     ; Off           ; --              ; --             ;
; COMPILER_SIGNATURE_ID                        ; 90274928606859.172130427012588         ; --            ; --              ; --             ;
; CYCLONEII_OPTIMIZATION_TECHNIQUE             ; Speed                                  ; Balanced      ; --              ; --             ;
; EDA_OUTPUT_DATA_FORMAT                       ; Verilog Hdl                            ; --            ; --              ; eda_simulation ;
; EDA_SIMULATION_TOOL                          ; ModelSim-Altera (Verilog)              ; <None>        ; --              ; --             ;
; FLOW_ENABLE_POWER_ANALYZER                   ; On                                     ; Off           ; --              ; --             ;
; MAX_CORE_JUNCTION_TEMP                       ; 85                                     ; --            ; --              ; --             ;
; MIN_CORE_JUNCTION_TEMP                       ; 0                                      ; --            ; --              ; --             ;
; NOMINAL_CORE_SUPPLY_VOLTAGE                  ; 3.3V                                   ; --            ; --              ; --             ;
; OUTPUT_IO_TIMING_FAR_END_VMEAS               ; Half Signal Swing                      ; --            ; --              ; --             ;
; OUTPUT_IO_TIMING_FAR_END_VMEAS               ; Half Signal Swing                      ; --            ; --              ; --             ;
; OUTPUT_IO_TIMING_NEAR_END_VMEAS              ; Half Vccio                             ; --            ; --              ; --             ;
; OUTPUT_IO_TIMING_NEAR_END_VMEAS              ; Half Vccio                             ; --            ; --              ; --             ;
; PARTITION_COLOR                              ; -- (Not supported for targeted family) ; --            ; max10_10m08_top ; Top            ;
; PARTITION_FITTER_PRESERVATION_LEVEL          ; -- (Not supported for targeted family) ; --            ; max10_10m08_top ; Top            ;
; PARTITION_NETLIST_TYPE                       ; -- (Not supported for targeted family) ; --            ; max10_10m08_top ; Top            ;
; PHYSICAL_SYNTHESIS_COMBO_LOGIC               ; On                                     ; Off           ; --              ; --             ;
; PHYSICAL_SYNTHESIS_REGISTER_DUPLICATION      ; On                                     ; Off           ; --              ; --             ;
; PHYSICAL_SYNTHESIS_REGISTER_RETIMING         ; On                                     ; Off           ; --              ; --             ;
; POWER_BOARD_THERMAL_MODEL                    ; None (CONSERVATIVE)                    ; --            ; --              ; --             ;
; POWER_DEFAULT_INPUT_IO_TOGGLE_RATE           ; 12.5 %                                 ; 12.5%         ; --              ; --             ;
; POWER_PRESET_COOLING_SOLUTION                ; 23 MM HEAT SINK WITH 200 LFPM AIRFLOW  ; --            ; --              ; --             ;
; PROJECT_OUTPUT_DIRECTORY                     ; output_files                           ; --            ; --              ; --             ;
; QII_AUTO_PACKED_REGISTERS                    ; Normal                                 ; Auto          ; --              ; --             ;
; ROUTER_LCELL_INSERTION_AND_LOGIC_DUPLICATION ; On                                     ; Auto          ; --              ; --             ;
; ROUTER_TIMING_OPTIMIZATION_LEVEL             ; MAXIMUM                                ; Normal        ; --              ; --             ;
; SMART_RECOMPILE                              ; On                                     ; Off           ; --              ; --             ;
; TOP_LEVEL_ENTITY                             ; max10_10m08_top                        ; top           ; --              ; --             ;
; VCCA_USER_VOLTAGE                            ; 3.3V                                   ; --            ; --              ; --             ;
+----------------------------------------------+----------------------------------------+---------------+-----------------+----------------+


+--------------------------------------------------------------------------------------------------------------------------+
; Flow Elapsed Time                                                                                                        ;
+----------------------+--------------+-------------------------+---------------------+------------------------------------+
; Module Name          ; Elapsed Time ; Average Processors Used ; Peak Virtual Memory ; Total CPU Time (on all processors) ;
+----------------------+--------------+-------------------------+---------------------+------------------------------------+
; Analysis & Synthesis ; 00:01:22     ; 1.0                     ; 4818 MB             ; 00:02:06                           ;
; Fitter               ; 00:00:25     ; 1.0                     ; 5278 MB             ; 00:00:21                           ;
; Assembler            ; 00:00:05     ; 1.0                     ; 4672 MB             ; 00:00:04                           ;
; Power Analyzer       ; 00:00:14     ; 1.0                     ; 4802 MB             ; 00:00:13                           ;
; Timing Analyzer      ; 00:00:10     ; 1.0                     ; 4748 MB             ; 00:00:08                           ;
; EDA Netlist Writer   ; 00:00:04     ; 1.0                     ; 4628 MB             ; 00:00:04                           ;
; Total                ; 00:02:20     ; --                      ; --                  ; 00:02:56                           ;
+----------------------+--------------+-------------------------+---------------------+------------------------------------+


+------------------------------------------------------------------------------------+
; Flow OS Summary                                                                    ;
+----------------------+------------------+------------+------------+----------------+
; Module Name          ; Machine Hostname ; OS Name    ; OS Version ; Processor type ;
+----------------------+------------------+------------+------------+----------------+
; Analysis & Synthesis ; suyama           ; Windows 10 ; 10.0       ; x86_64         ;
; Fitter               ; suyama           ; Windows 10 ; 10.0       ; x86_64         ;
; Assembler            ; suyama           ; Windows 10 ; 10.0       ; x86_64         ;
; Power Analyzer       ; suyama           ; Windows 10 ; 10.0       ; x86_64         ;
; Timing Analyzer      ; suyama           ; Windows 10 ; 10.0       ; x86_64         ;
; EDA Netlist Writer   ; suyama           ; Windows 10 ; 10.0       ; x86_64         ;
+----------------------+------------------+------------+------------+----------------+


------------
; Flow Log ;
------------
quartus_map --read_settings_files=on --write_settings_files=off top -c top
quartus_fit --read_settings_files=off --write_settings_files=off top -c top
quartus_asm --read_settings_files=off --write_settings_files=off top -c top
quartus_pow --read_settings_files=off --write_settings_files=off top -c top
quartus_sta top -c top
quartus_eda --read_settings_files=off --write_settings_files=off top -c top



