------------------------------------------------------------
Timing Analyzer Summary
------------------------------------------------------------

Type  : Slow 1200mV 85C Model Setup 'u0|altpll_0|sd1|pll7|clk[1]'
Slack : -5.010
TNS   : -40.012

Type  : Slow 1200mV 85C Model Setup 'SPI_CLK'
Slack : 7.346
TNS   : 0.000

Type  : Slow 1200mV 85C Model Hold 'u0|altpll_0|sd1|pll7|clk[1]'
Slack : 0.362
TNS   : 0.000

Type  : Slow 1200mV 85C Model Hold 'SPI_CLK'
Slack : 0.394
TNS   : 0.000

Type  : Slow 1200mV 85C Model Recovery 'SPI_CLK'
Slack : -3.835
TNS   : -46.020

Type  : Slow 1200mV 85C Model Recovery 'u0|altpll_0|sd1|pll7|clk[1]'
Slack : 3.309
TNS   : 0.000

Type  : Slow 1200mV 85C Model Removal 'u0|altpll_0|sd1|pll7|clk[1]'
Slack : 1.628
TNS   : 0.000

Type  : Slow 1200mV 85C Model Removal 'SPI_CLK'
Slack : 2.618
TNS   : 0.000

Type  : Slow 1200mV 85C Model Minimum Pulse Width 'u0|altpll_0|sd1|pll7|clk[1]'
Slack : 2.855
TNS   : 0.000

Type  : Slow 1200mV 85C Model Minimum Pulse Width 'SPI_CLK'
Slack : 4.270
TNS   : 0.000

Type  : Slow 1200mV 85C Model Minimum Pulse Width 'CLK50M'
Slack : 9.877
TNS   : 0.000

Type  : Slow 1200mV 0C Model Setup 'u0|altpll_0|sd1|pll7|clk[1]'
Slack : -4.664
TNS   : -37.224

Type  : Slow 1200mV 0C Model Setup 'SPI_CLK'
Slack : 7.406
TNS   : 0.000

Type  : Slow 1200mV 0C Model Hold 'u0|altpll_0|sd1|pll7|clk[1]'
Slack : 0.325
TNS   : 0.000

Type  : Slow 1200mV 0C Model Hold 'SPI_CLK'
Slack : 0.352
TNS   : 0.000

Type  : Slow 1200mV 0C Model Recovery 'SPI_CLK'
Slack : -3.688
TNS   : -44.256

Type  : Slow 1200mV 0C Model Recovery 'u0|altpll_0|sd1|pll7|clk[1]'
Slack : 3.483
TNS   : 0.000

Type  : Slow 1200mV 0C Model Removal 'u0|altpll_0|sd1|pll7|clk[1]'
Slack : 1.462
TNS   : 0.000

Type  : Slow 1200mV 0C Model Removal 'SPI_CLK'
Slack : 2.219
TNS   : 0.000

Type  : Slow 1200mV 0C Model Minimum Pulse Width 'u0|altpll_0|sd1|pll7|clk[1]'
Slack : 2.865
TNS   : 0.000

Type  : Slow 1200mV 0C Model Minimum Pulse Width 'SPI_CLK'
Slack : 4.214
TNS   : 0.000

Type  : Slow 1200mV 0C Model Minimum Pulse Width 'CLK50M'
Slack : 9.881
TNS   : 0.000

Type  : Fast 1200mV 0C Model Setup 'u0|altpll_0|sd1|pll7|clk[1]'
Slack : -1.751
TNS   : -13.944

Type  : Fast 1200mV 0C Model Setup 'SPI_CLK'
Slack : 8.351
TNS   : 0.000

Type  : Fast 1200mV 0C Model Hold 'u0|altpll_0|sd1|pll7|clk[1]'
Slack : 0.152
TNS   : 0.000

Type  : Fast 1200mV 0C Model Hold 'SPI_CLK'
Slack : 0.166
TNS   : 0.000

Type  : Fast 1200mV 0C Model Recovery 'SPI_CLK'
Slack : -1.706
TNS   : -20.472

Type  : Fast 1200mV 0C Model Recovery 'u0|altpll_0|sd1|pll7|clk[1]'
Slack : 5.073
TNS   : 0.000

Type  : Fast 1200mV 0C Model Removal 'u0|altpll_0|sd1|pll7|clk[1]'
Slack : 0.676
TNS   : 0.000

Type  : Fast 1200mV 0C Model Removal 'SPI_CLK'
Slack : 1.260
TNS   : 0.000

Type  : Fast 1200mV 0C Model Minimum Pulse Width 'u0|altpll_0|sd1|pll7|clk[1]'
Slack : 2.907
TNS   : 0.000

Type  : Fast 1200mV 0C Model Minimum Pulse Width 'SPI_CLK'
Slack : 3.808
TNS   : 0.000

Type  : Fast 1200mV 0C Model Minimum Pulse Width 'CLK50M'
Slack : 9.504
TNS   : 0.000

------------------------------------------------------------
