------------------------------------------------------------
Timing Analyzer Summary
------------------------------------------------------------

Type  : Slow 1200mV 85C Model Setup 'u0|altpll_0|sd1|pll7|clk[1]'
Slack : -4.275
TNS   : -62.740

Type  : Slow 1200mV 85C Model Setup 'SPI_CLK'
Slack : 6.685
TNS   : 0.000

Type  : Slow 1200mV 85C Model Hold 'u0|altpll_0|sd1|pll7|clk[1]'
Slack : 0.362
TNS   : 0.000

Type  : Slow 1200mV 85C Model Hold 'SPI_CLK'
Slack : 0.529
TNS   : 0.000

Type  : Slow 1200mV 85C Model Recovery 'SPI_CLK'
Slack : -4.031
TNS   : -61.484

Type  : Slow 1200mV 85C Model Recovery 'u0|altpll_0|sd1|pll7|clk[1]'
Slack : -0.233
TNS   : -1.864

Type  : Slow 1200mV 85C Model Removal 'u0|altpll_0|sd1|pll7|clk[1]'
Slack : 1.684
TNS   : 0.000

Type  : Slow 1200mV 85C Model Removal 'SPI_CLK'
Slack : 2.615
TNS   : 0.000

Type  : Slow 1200mV 85C Model Minimum Pulse Width 'u0|altpll_0|sd1|pll7|clk[1]'
Slack : 2.840
TNS   : 0.000

Type  : Slow 1200mV 85C Model Minimum Pulse Width 'SPI_CLK'
Slack : 4.224
TNS   : 0.000

Type  : Slow 1200mV 85C Model Minimum Pulse Width 'CLK50M'
Slack : 9.877
TNS   : 0.000

Type  : Slow 1200mV 0C Model Setup 'u0|altpll_0|sd1|pll7|clk[1]'
Slack : -4.003
TNS   : -58.704

Type  : Slow 1200mV 0C Model Setup 'SPI_CLK'
Slack : 6.796
TNS   : 0.000

Type  : Slow 1200mV 0C Model Hold 'u0|altpll_0|sd1|pll7|clk[1]'
Slack : 0.325
TNS   : 0.000

Type  : Slow 1200mV 0C Model Hold 'SPI_CLK'
Slack : 0.498
TNS   : 0.000

Type  : Slow 1200mV 0C Model Recovery 'SPI_CLK'
Slack : -3.861
TNS   : -58.692

Type  : Slow 1200mV 0C Model Recovery 'u0|altpll_0|sd1|pll7|clk[1]'
Slack : 0.076
TNS   : 0.000

Type  : Slow 1200mV 0C Model Removal 'u0|altpll_0|sd1|pll7|clk[1]'
Slack : 1.511
TNS   : 0.000

Type  : Slow 1200mV 0C Model Removal 'SPI_CLK'
Slack : 2.195
TNS   : 0.000

Type  : Slow 1200mV 0C Model Minimum Pulse Width 'u0|altpll_0|sd1|pll7|clk[1]'
Slack : 2.828
TNS   : 0.000

Type  : Slow 1200mV 0C Model Minimum Pulse Width 'SPI_CLK'
Slack : 4.132
TNS   : 0.000

Type  : Slow 1200mV 0C Model Minimum Pulse Width 'CLK50M'
Slack : 9.881
TNS   : 0.000

Type  : Fast 1200mV 0C Model Setup 'u0|altpll_0|sd1|pll7|clk[1]'
Slack : -1.468
TNS   : -21.205

Type  : Fast 1200mV 0C Model Setup 'SPI_CLK'
Slack : 8.048
TNS   : 0.000

Type  : Fast 1200mV 0C Model Hold 'u0|altpll_0|sd1|pll7|clk[1]'
Slack : 0.152
TNS   : 0.000

Type  : Fast 1200mV 0C Model Hold 'SPI_CLK'
Slack : 0.183
TNS   : 0.000

Type  : Fast 1200mV 0C Model Recovery 'SPI_CLK'
Slack : -1.882
TNS   : -28.972

Type  : Fast 1200mV 0C Model Recovery 'u0|altpll_0|sd1|pll7|clk[1]'
Slack : 3.339
TNS   : 0.000

Type  : Fast 1200mV 0C Model Removal 'u0|altpll_0|sd1|pll7|clk[1]'
Slack : 0.699
TNS   : 0.000

Type  : Fast 1200mV 0C Model Removal 'SPI_CLK'
Slack : 1.305
TNS   : 0.000

Type  : Fast 1200mV 0C Model Minimum Pulse Width 'u0|altpll_0|sd1|pll7|clk[1]'
Slack : 2.893
TNS   : 0.000

Type  : Fast 1200mV 0C Model Minimum Pulse Width 'SPI_CLK'
Slack : 3.791
TNS   : 0.000

Type  : Fast 1200mV 0C Model Minimum Pulse Width 'CLK50M'
Slack : 9.504
TNS   : 0.000

------------------------------------------------------------
