Timing Analyzer report for top
Sat Jul 13 22:03:47 2024
Quartus Prime Version 18.1.1 Build 646 04/11/2019 SJ Lite Edition


---------------------
; Table of Contents ;
---------------------
  1. Legal Notice
  2. Timing Analyzer Summary
  3. Parallel Compilation
  4. SDC File List
  5. Clocks
  6. Slow 1200mV 85C Model Fmax Summary
  7. Slow 1200mV 85C Model Setup Summary
  8. Slow 1200mV 85C Model Hold Summary
  9. Slow 1200mV 85C Model Recovery Summary
 10. Slow 1200mV 85C Model Removal Summary
 11. Slow 1200mV 85C Model Minimum Pulse Width Summary
 12. Slow 1200mV 85C Model Metastability Summary
 13. Slow 1200mV 0C Model Fmax Summary
 14. Slow 1200mV 0C Model Setup Summary
 15. Slow 1200mV 0C Model Hold Summary
 16. Slow 1200mV 0C Model Recovery Summary
 17. Slow 1200mV 0C Model Removal Summary
 18. Slow 1200mV 0C Model Minimum Pulse Width Summary
 19. Slow 1200mV 0C Model Metastability Summary
 20. Fast 1200mV 0C Model Setup Summary
 21. Fast 1200mV 0C Model Hold Summary
 22. Fast 1200mV 0C Model Recovery Summary
 23. Fast 1200mV 0C Model Removal Summary
 24. Fast 1200mV 0C Model Minimum Pulse Width Summary
 25. Fast 1200mV 0C Model Metastability Summary
 26. Multicorner Timing Analysis Summary
 27. Board Trace Model Assignments
 28. Input Transition Times
 29. Signal Integrity Metrics (Slow 1200mv 0c Model)
 30. Signal Integrity Metrics (Slow 1200mv 85c Model)
 31. Signal Integrity Metrics (Fast 1200mv 0c Model)
 32. Setup Transfers
 33. Hold Transfers
 34. Recovery Transfers
 35. Removal Transfers
 36. Report TCCS
 37. Report RSKM
 38. Unconstrained Paths Summary
 39. Clock Status Summary
 40. Unconstrained Input Ports
 41. Unconstrained Output Ports
 42. Unconstrained Input Ports
 43. Unconstrained Output Ports
 44. Timing Analyzer Messages



----------------
; Legal Notice ;
----------------
Copyright (C) 2019  Intel Corporation. All rights reserved.
Your use of Intel Corporation's design tools, logic functions 
and other software and tools, and any partner logic 
functions, and any output files from any of the foregoing 
(including device programming or simulation files), and any 
associated documentation or information are expressly subject 
to the terms and conditions of the Intel Program License 
Subscription Agreement, the Intel Quartus Prime License Agreement,
the Intel FPGA IP License Agreement, or other applicable license
agreement, including, without limitation, that your use is for
the sole purpose of programming logic devices manufactured by
Intel and sold by Intel or its authorized distributors.  Please
refer to the applicable agreement for further details, at
https://fpgasoftware.intel.com/eula.



+-----------------------------------------------------------------------------+
; Timing Analyzer Summary                                                     ;
+-----------------------+-----------------------------------------------------+
; Quartus Prime Version ; Version 18.1.1 Build 646 04/11/2019 SJ Lite Edition ;
; Timing Analyzer       ; Legacy Timing Analyzer                              ;
; Revision Name         ; top                                                 ;
; Device Family         ; MAX 10                                              ;
; Device Name           ; 10M08SAE144C8G                                      ;
; Timing Models         ; Final                                               ;
; Delay Model           ; Combined                                            ;
; Rise/Fall Delays      ; Enabled                                             ;
+-----------------------+-----------------------------------------------------+


+------------------------------------------+
; Parallel Compilation                     ;
+----------------------------+-------------+
; Processors                 ; Number      ;
+----------------------------+-------------+
; Number detected on machine ; 4           ;
; Maximum allowed            ; 2           ;
;                            ;             ;
; Average used               ; 1.02        ;
; Maximum used               ; 2           ;
;                            ;             ;
; Usage by Processor         ; % Time Used ;
;     Processor 1            ; 100.0%      ;
;     Processor 2            ;   2.3%      ;
+----------------------------+-------------+


+--------------------------------------------------------------------------------------------------------------------------------------------------+
; SDC File List                                                                                                                                    ;
+--------------------------------------------------------------------------------------------------------------+--------+--------------------------+
; SDC File Path                                                                                                ; Status ; Read at                  ;
+--------------------------------------------------------------------------------------------------------------+--------+--------------------------+
; max10.sdc                                                                                                    ; OK     ; Sat Jul 13 22:03:44 2024 ;
; c:/users/suyama84/documents/fpga/max10_10m08_ptmch/db/ip/nios2_system/submodules/altera_reset_controller.sdc ; OK     ; Sat Jul 13 22:03:44 2024 ;
+--------------------------------------------------------------------------------------------------------------+--------+--------------------------+


+-------------------------------------------------------------------------------------------------------------------------------------------------------------------------------------------------------------------------------------------------------+
; Clocks                                                                                                                                                                                                                                                ;
+-----------------------------+-----------+--------+------------+-------+--------+------------+-----------+-------------+-------+--------+-----------+------------+----------+--------+-------------------------------+---------------------------------+
; Clock Name                  ; Type      ; Period ; Frequency  ; Rise  ; Fall   ; Duty Cycle ; Divide by ; Multiply by ; Phase ; Offset ; Edge List ; Edge Shift ; Inverted ; Master ; Source                        ; Targets                         ;
+-----------------------------+-----------+--------+------------+-------+--------+------------+-----------+-------------+-------+--------+-----------+------------+----------+--------+-------------------------------+---------------------------------+
; CLK50M                      ; Base      ; 20.000 ; 50.0 MHz   ; 0.000 ; 10.000 ;            ;           ;             ;       ;        ;           ;            ;          ;        ;                               ; { CLK50M }                      ;
; SPI_CLK                     ; Base      ; 9.000  ; 111.11 MHz ; 0.000 ; 4.500  ;            ;           ;             ;       ;        ;           ;            ;          ;        ;                               ; { SPI_CLK }                     ;
; u0|altpll_0|sd1|pll7|clk[1] ; Generated ; 6.250  ; 160.0 MHz  ; 0.000 ; 3.125  ; 50.00      ; 5         ; 16          ;       ;        ;           ;            ; false    ; CLK50M ; u0|altpll_0|sd1|pll7|inclk[0] ; { u0|altpll_0|sd1|pll7|clk[1] } ;
+-----------------------------+-----------+--------+------------+-------+--------+------------+-----------+-------------+-------+--------+-----------+------------+----------+--------+-------------------------------+---------------------------------+


+-------------------------------------------------------------------+
; Slow 1200mV 85C Model Fmax Summary                                ;
+------------+-----------------+-----------------------------+------+
; Fmax       ; Restricted Fmax ; Clock Name                  ; Note ;
+------------+-----------------+-----------------------------+------+
; 174.37 MHz ; 174.37 MHz      ; u0|altpll_0|sd1|pll7|clk[1] ;      ;
; 228.73 MHz ; 228.73 MHz      ; SPI_CLK                     ;      ;
+------------+-----------------+-----------------------------+------+
This panel reports FMAX for every clock in the design, regardless of the user-specified clock periods.  FMAX is only computed for paths where the source and destination registers or ports are driven by the same clock.  Paths of different clocks, including generated clocks, are ignored.  For paths between a clock and its inversion, FMAX is computed as if the rising and falling edges are scaled along with FMAX, such that the duty cycle (in terms of a percentage) is maintained. Altera recommends that you always use clock constraints and other slack reports for sign-off analysis.


+------------------------------------------------------+
; Slow 1200mV 85C Model Setup Summary                  ;
+-----------------------------+--------+---------------+
; Clock                       ; Slack  ; End Point TNS ;
+-----------------------------+--------+---------------+
; u0|altpll_0|sd1|pll7|clk[1] ; -5.766 ; -46.128       ;
; SPI_CLK                     ; -4.116 ; -15.536       ;
+-----------------------------+--------+---------------+


+-----------------------------------------------------+
; Slow 1200mV 85C Model Hold Summary                  ;
+-----------------------------+-------+---------------+
; Clock                       ; Slack ; End Point TNS ;
+-----------------------------+-------+---------------+
; u0|altpll_0|sd1|pll7|clk[1] ; 0.363 ; 0.000         ;
; SPI_CLK                     ; 0.394 ; 0.000         ;
+-----------------------------+-------+---------------+


+----------------------------------------+
; Slow 1200mV 85C Model Recovery Summary ;
+---------+--------+---------------------+
; Clock   ; Slack  ; End Point TNS       ;
+---------+--------+---------------------+
; SPI_CLK ; -3.908 ; -46.784             ;
+---------+--------+---------------------+


+---------------------------------------+
; Slow 1200mV 85C Model Removal Summary ;
+---------+-------+---------------------+
; Clock   ; Slack ; End Point TNS       ;
+---------+-------+---------------------+
; SPI_CLK ; 2.568 ; 0.000               ;
+---------+-------+---------------------+


+-----------------------------------------------------+
; Slow 1200mV 85C Model Minimum Pulse Width Summary   ;
+-----------------------------+-------+---------------+
; Clock                       ; Slack ; End Point TNS ;
+-----------------------------+-------+---------------+
; u0|altpll_0|sd1|pll7|clk[1] ; 2.856 ; 0.000         ;
; SPI_CLK                     ; 4.239 ; 0.000         ;
; CLK50M                      ; 9.877 ; 0.000         ;
+-----------------------------+-------+---------------+


-----------------------------------------------
; Slow 1200mV 85C Model Metastability Summary ;
-----------------------------------------------
Design MTBF is not calculated because the design doesn't meet its timing requirements.



+-------------------------------------------------------------------+
; Slow 1200mV 0C Model Fmax Summary                                 ;
+------------+-----------------+-----------------------------+------+
; Fmax       ; Restricted Fmax ; Clock Name                  ; Note ;
+------------+-----------------+-----------------------------+------+
; 183.86 MHz ; 183.86 MHz      ; u0|altpll_0|sd1|pll7|clk[1] ;      ;
; 234.85 MHz ; 234.85 MHz      ; SPI_CLK                     ;      ;
+------------+-----------------+-----------------------------+------+
This panel reports FMAX for every clock in the design, regardless of the user-specified clock periods.  FMAX is only computed for paths where the source and destination registers or ports are driven by the same clock.  Paths of different clocks, including generated clocks, are ignored.  For paths between a clock and its inversion, FMAX is computed as if the rising and falling edges are scaled along with FMAX, such that the duty cycle (in terms of a percentage) is maintained. Altera recommends that you always use clock constraints and other slack reports for sign-off analysis.


+------------------------------------------------------+
; Slow 1200mV 0C Model Setup Summary                   ;
+-----------------------------+--------+---------------+
; Clock                       ; Slack  ; End Point TNS ;
+-----------------------------+--------+---------------+
; u0|altpll_0|sd1|pll7|clk[1] ; -5.415 ; -43.320       ;
; SPI_CLK                     ; -3.904 ; -14.447       ;
+-----------------------------+--------+---------------+


+-----------------------------------------------------+
; Slow 1200mV 0C Model Hold Summary                   ;
+-----------------------------+-------+---------------+
; Clock                       ; Slack ; End Point TNS ;
+-----------------------------+-------+---------------+
; u0|altpll_0|sd1|pll7|clk[1] ; 0.324 ; 0.000         ;
; SPI_CLK                     ; 0.352 ; 0.000         ;
+-----------------------------+-------+---------------+


+---------------------------------------+
; Slow 1200mV 0C Model Recovery Summary ;
+---------+--------+--------------------+
; Clock   ; Slack  ; End Point TNS      ;
+---------+--------+--------------------+
; SPI_CLK ; -3.746 ; -44.722            ;
+---------+--------+--------------------+


+--------------------------------------+
; Slow 1200mV 0C Model Removal Summary ;
+---------+-------+--------------------+
; Clock   ; Slack ; End Point TNS      ;
+---------+-------+--------------------+
; SPI_CLK ; 2.246 ; 0.000              ;
+---------+-------+--------------------+


+-----------------------------------------------------+
; Slow 1200mV 0C Model Minimum Pulse Width Summary    ;
+-----------------------------+-------+---------------+
; Clock                       ; Slack ; End Point TNS ;
+-----------------------------+-------+---------------+
; u0|altpll_0|sd1|pll7|clk[1] ; 2.865 ; 0.000         ;
; SPI_CLK                     ; 4.139 ; 0.000         ;
; CLK50M                      ; 9.881 ; 0.000         ;
+-----------------------------+-------+---------------+


----------------------------------------------
; Slow 1200mV 0C Model Metastability Summary ;
----------------------------------------------
Design MTBF is not calculated because the design doesn't meet its timing requirements.



+------------------------------------------------------+
; Fast 1200mV 0C Model Setup Summary                   ;
+-----------------------------+--------+---------------+
; Clock                       ; Slack  ; End Point TNS ;
+-----------------------------+--------+---------------+
; u0|altpll_0|sd1|pll7|clk[1] ; -2.012 ; -16.096       ;
; SPI_CLK                     ; -1.595 ; -6.213        ;
+-----------------------------+--------+---------------+


+-----------------------------------------------------+
; Fast 1200mV 0C Model Hold Summary                   ;
+-----------------------------+-------+---------------+
; Clock                       ; Slack ; End Point TNS ;
+-----------------------------+-------+---------------+
; u0|altpll_0|sd1|pll7|clk[1] ; 0.152 ; 0.000         ;
; SPI_CLK                     ; 0.166 ; 0.000         ;
+-----------------------------+-------+---------------+


+---------------------------------------+
; Fast 1200mV 0C Model Recovery Summary ;
+---------+--------+--------------------+
; Clock   ; Slack  ; End Point TNS      ;
+---------+--------+--------------------+
; SPI_CLK ; -1.860 ; -21.926            ;
+---------+--------+--------------------+


+--------------------------------------+
; Fast 1200mV 0C Model Removal Summary ;
+---------+-------+--------------------+
; Clock   ; Slack ; End Point TNS      ;
+---------+-------+--------------------+
; SPI_CLK ; 1.179 ; 0.000              ;
+---------+-------+--------------------+


+-----------------------------------------------------+
; Fast 1200mV 0C Model Minimum Pulse Width Summary    ;
+-----------------------------+-------+---------------+
; Clock                       ; Slack ; End Point TNS ;
+-----------------------------+-------+---------------+
; u0|altpll_0|sd1|pll7|clk[1] ; 2.907 ; 0.000         ;
; SPI_CLK                     ; 3.769 ; 0.000         ;
; CLK50M                      ; 9.504 ; 0.000         ;
+-----------------------------+-------+---------------+


----------------------------------------------
; Fast 1200mV 0C Model Metastability Summary ;
----------------------------------------------
Design MTBF is not calculated because the design doesn't meet its timing requirements.



+-------------------------------------------------------------------------------------------+
; Multicorner Timing Analysis Summary                                                       ;
+------------------------------+---------+-------+----------+---------+---------------------+
; Clock                        ; Setup   ; Hold  ; Recovery ; Removal ; Minimum Pulse Width ;
+------------------------------+---------+-------+----------+---------+---------------------+
; Worst-case Slack             ; -5.766  ; 0.152 ; -3.908   ; 1.179   ; 2.856               ;
;  CLK50M                      ; N/A     ; N/A   ; N/A      ; N/A     ; 9.504               ;
;  SPI_CLK                     ; -4.116  ; 0.166 ; -3.908   ; 1.179   ; 3.769               ;
;  u0|altpll_0|sd1|pll7|clk[1] ; -5.766  ; 0.152 ; N/A      ; N/A     ; 2.856               ;
; Design-wide TNS              ; -61.664 ; 0.0   ; -46.784  ; 0.0     ; 0.0                 ;
;  CLK50M                      ; N/A     ; N/A   ; N/A      ; N/A     ; 0.000               ;
;  SPI_CLK                     ; -15.536 ; 0.000 ; -46.784  ; 0.000   ; 0.000               ;
;  u0|altpll_0|sd1|pll7|clk[1] ; -46.128 ; 0.000 ; N/A      ; N/A     ; 0.000               ;
+------------------------------+---------+-------+----------+---------+---------------------+


+-----------------------------------------------------------------------------------------------------------------------------------------------------------------------------------------------------------------------------------------------------------------------------------------------------------------------------------------------------------------------------------------------------------------+
; Board Trace Model Assignments                                                                                                                                                                                                                                                                                                                                                                                   ;
+--------------+--------------+-------------------+-------------------------+-------------------------+---------------+---------------------+----------------+------------------+--------+------------------+------------------------+------------------------+--------------+---------------+-----------------+-------+---------------------+--------------------+---------------+-----------------+-------------+
; Pin          ; I/O Standard ; Near Tline Length ; Near Tline L per Length ; Near Tline C per Length ; Near Series R ; Near Differential R ; Near Pull-up R ; Near Pull-down R ; Near C ; Far Tline Length ; Far Tline L per Length ; Far Tline C per Length ; Far Series R ; Far Pull-up R ; Far Pull-down R ; Far C ; Termination Voltage ; Far Differential R ; EBD File Name ; EBD Signal Name ; EBD Far-end ;
+--------------+--------------+-------------------+-------------------------+-------------------------+---------------+---------------------+----------------+------------------+--------+------------------+------------------------+------------------------+--------------+---------------+-----------------+-------+---------------------+--------------------+---------------+-----------------+-------------+
; TRG_PLS[0]   ; 3.3-V LVCMOS ; 0 in              ; 0 H/in                  ; 0 F/in                  ; short         ; -                   ; open           ; open             ; open   ; 0 in             ; 0 H/in                 ; 0 F/in                 ; short        ; open          ; open            ; open  ; 0 V                 ; -                  ; n/a           ; n/a             ; n/a         ;
; TRG_PLS[1]   ; 3.3-V LVCMOS ; 0 in              ; 0 H/in                  ; 0 F/in                  ; short         ; -                   ; open           ; open             ; open   ; 0 in             ; 0 H/in                 ; 0 F/in                 ; short        ; open          ; open            ; open  ; 0 V                 ; -                  ; n/a           ; n/a             ; n/a         ;
; TRG_PLS[2]   ; 3.3-V LVCMOS ; 0 in              ; 0 H/in                  ; 0 F/in                  ; short         ; -                   ; open           ; open             ; open   ; 0 in             ; 0 H/in                 ; 0 F/in                 ; short        ; open          ; open            ; open  ; 0 V                 ; -                  ; n/a           ; n/a             ; n/a         ;
; ~ALTERA_TDO~ ; 3.3-V LVCMOS ; 0 in              ; 0 H/in                  ; 0 F/in                  ; short         ; -                   ; open           ; open             ; open   ; 0 in             ; 0 H/in                 ; 0 F/in                 ; short        ; open          ; open            ; open  ; 0 V                 ; -                  ; n/a           ; n/a             ; n/a         ;
+--------------+--------------+-------------------+-------------------------+-------------------------+---------------+---------------------+----------------+------------------+--------+------------------+------------------------+------------------------+--------------+---------------+-----------------+-------+---------------------+--------------------+---------------+-----------------+-------------+


+---------------------------------------------------------------------------------+
; Input Transition Times                                                          ;
+---------------------+-----------------------+-----------------+-----------------+
; Pin                 ; I/O Standard          ; 10-90 Rise Time ; 90-10 Fall Time ;
+---------------------+-----------------------+-----------------+-----------------+
; RESET_N             ; 3.3-V LVCMOS          ; 2640 ps         ; 2640 ps         ;
; CLK50M              ; 3.3-V LVCMOS          ; 2640 ps         ; 2640 ps         ;
; SPI_CS              ; 3.3-V LVCMOS          ; 2640 ps         ; 2640 ps         ;
; SPI_MOSI            ; 3.3-V LVCMOS          ; 2640 ps         ; 2640 ps         ;
; SPI_CLK             ; 3.3-V LVCMOS          ; 2640 ps         ; 2640 ps         ;
; ~ALTERA_TMS~        ; 3.3 V Schmitt Trigger ; 2640 ps         ; 2640 ps         ;
; ~ALTERA_TCK~        ; 3.3 V Schmitt Trigger ; 2640 ps         ; 2640 ps         ;
; ~ALTERA_TDI~        ; 3.3 V Schmitt Trigger ; 2640 ps         ; 2640 ps         ;
; ~ALTERA_CONFIG_SEL~ ; 3.3-V LVCMOS          ; 2640 ps         ; 2640 ps         ;
; ~ALTERA_nCONFIG~    ; 3.3 V Schmitt Trigger ; 2640 ps         ; 2640 ps         ;
; ~ALTERA_nSTATUS~    ; 3.3 V Schmitt Trigger ; 2640 ps         ; 2640 ps         ;
; ~ALTERA_CONF_DONE~  ; 3.3 V Schmitt Trigger ; 2640 ps         ; 2640 ps         ;
+---------------------+-----------------------+-----------------+-----------------+


+-------------------------------------------------------------------------------------------------------------------------------------------------------------------------------------------------------------------------------------------------------------------------------------------------------------------------------------------------------------------------------------------------------------------------------------------------------------------------------------------------------------------------------------------------------------------------------------------------------------------------------------------------------------------------------------------+
; Signal Integrity Metrics (Slow 1200mv 0c Model)                                                                                                                                                                                                                                                                                                                                                                                                                                                                                                                                                                                                                                           ;
+--------------+--------------+---------------------+---------------------+------------------------------+------------------------------+---------------------+---------------------+--------------------------------------+--------------------------------------+-----------------------------+-----------------------------+----------------------------+----------------------------+-----------------------------+-----------------------------+--------------------+--------------------+-------------------------------------+-------------------------------------+----------------------------+----------------------------+---------------------------+---------------------------+
; Pin          ; I/O Standard ; Board Delay on Rise ; Board Delay on Fall ; Steady State Voh at FPGA Pin ; Steady State Vol at FPGA Pin ; Voh Max at FPGA Pin ; Vol Min at FPGA Pin ; Ringback Voltage on Rise at FPGA Pin ; Ringback Voltage on Fall at FPGA Pin ; 10-90 Rise Time at FPGA Pin ; 90-10 Fall Time at FPGA Pin ; Monotonic Rise at FPGA Pin ; Monotonic Fall at FPGA Pin ; Steady State Voh at Far-end ; Steady State Vol at Far-end ; Voh Max at Far-end ; Vol Min at Far-end ; Ringback Voltage on Rise at Far-end ; Ringback Voltage on Fall at Far-end ; 10-90 Rise Time at Far-end ; 90-10 Fall Time at Far-end ; Monotonic Rise at Far-end ; Monotonic Fall at Far-end ;
+--------------+--------------+---------------------+---------------------+------------------------------+------------------------------+---------------------+---------------------+--------------------------------------+--------------------------------------+-----------------------------+-----------------------------+----------------------------+----------------------------+-----------------------------+-----------------------------+--------------------+--------------------+-------------------------------------+-------------------------------------+----------------------------+----------------------------+---------------------------+---------------------------+
; TRG_PLS[0]   ; 3.3-V LVCMOS ; 0 s                 ; 0 s                 ; 3.08 V                       ; 3.68e-08 V                   ; 3.12 V              ; -0.0417 V           ; 0.287 V                              ; 0.209 V                              ; 8.99e-10 s                  ; 1.03e-09 s                  ; No                         ; No                         ; 3.08 V                      ; 3.68e-08 V                  ; 3.12 V             ; -0.0417 V          ; 0.287 V                             ; 0.209 V                             ; 8.99e-10 s                 ; 1.03e-09 s                 ; No                        ; No                        ;
; TRG_PLS[1]   ; 3.3-V LVCMOS ; 0 s                 ; 0 s                 ; 3.08 V                       ; 3.68e-08 V                   ; 3.12 V              ; -0.0411 V           ; 0.283 V                              ; 0.209 V                              ; 9e-10 s                     ; 1.03e-09 s                  ; No                         ; No                         ; 3.08 V                      ; 3.68e-08 V                  ; 3.12 V             ; -0.0411 V          ; 0.283 V                             ; 0.209 V                             ; 9e-10 s                    ; 1.03e-09 s                 ; No                        ; No                        ;
; TRG_PLS[2]   ; 3.3-V LVCMOS ; 0 s                 ; 0 s                 ; 3.08 V                       ; 3.68e-08 V                   ; 3.12 V              ; -0.0417 V           ; 0.287 V                              ; 0.209 V                              ; 8.99e-10 s                  ; 1.03e-09 s                  ; No                         ; No                         ; 3.08 V                      ; 3.68e-08 V                  ; 3.12 V             ; -0.0417 V          ; 0.287 V                             ; 0.209 V                             ; 8.99e-10 s                 ; 1.03e-09 s                 ; No                        ; No                        ;
; ~ALTERA_TDO~ ; 3.3-V LVCMOS ; 0 s                 ; 0 s                 ; 3.08 V                       ; 2.08e-08 V                   ; 3.19 V              ; -0.126 V            ; 0.218 V                              ; 0.383 V                              ; 4.51e-10 s                  ; 4.73e-10 s                  ; No                         ; No                         ; 3.08 V                      ; 2.08e-08 V                  ; 3.19 V             ; -0.126 V           ; 0.218 V                             ; 0.383 V                             ; 4.51e-10 s                 ; 4.73e-10 s                 ; No                        ; No                        ;
+--------------+--------------+---------------------+---------------------+------------------------------+------------------------------+---------------------+---------------------+--------------------------------------+--------------------------------------+-----------------------------+-----------------------------+----------------------------+----------------------------+-----------------------------+-----------------------------+--------------------+--------------------+-------------------------------------+-------------------------------------+----------------------------+----------------------------+---------------------------+---------------------------+


+-------------------------------------------------------------------------------------------------------------------------------------------------------------------------------------------------------------------------------------------------------------------------------------------------------------------------------------------------------------------------------------------------------------------------------------------------------------------------------------------------------------------------------------------------------------------------------------------------------------------------------------------------------------------------------------------+
; Signal Integrity Metrics (Slow 1200mv 85c Model)                                                                                                                                                                                                                                                                                                                                                                                                                                                                                                                                                                                                                                          ;
+--------------+--------------+---------------------+---------------------+------------------------------+------------------------------+---------------------+---------------------+--------------------------------------+--------------------------------------+-----------------------------+-----------------------------+----------------------------+----------------------------+-----------------------------+-----------------------------+--------------------+--------------------+-------------------------------------+-------------------------------------+----------------------------+----------------------------+---------------------------+---------------------------+
; Pin          ; I/O Standard ; Board Delay on Rise ; Board Delay on Fall ; Steady State Voh at FPGA Pin ; Steady State Vol at FPGA Pin ; Voh Max at FPGA Pin ; Vol Min at FPGA Pin ; Ringback Voltage on Rise at FPGA Pin ; Ringback Voltage on Fall at FPGA Pin ; 10-90 Rise Time at FPGA Pin ; 90-10 Fall Time at FPGA Pin ; Monotonic Rise at FPGA Pin ; Monotonic Fall at FPGA Pin ; Steady State Voh at Far-end ; Steady State Vol at Far-end ; Voh Max at Far-end ; Vol Min at Far-end ; Ringback Voltage on Rise at Far-end ; Ringback Voltage on Fall at Far-end ; 10-90 Rise Time at Far-end ; 90-10 Fall Time at Far-end ; Monotonic Rise at Far-end ; Monotonic Fall at Far-end ;
+--------------+--------------+---------------------+---------------------+------------------------------+------------------------------+---------------------+---------------------+--------------------------------------+--------------------------------------+-----------------------------+-----------------------------+----------------------------+----------------------------+-----------------------------+-----------------------------+--------------------+--------------------+-------------------------------------+-------------------------------------+----------------------------+----------------------------+---------------------------+---------------------------+
; TRG_PLS[0]   ; 3.3-V LVCMOS ; 0 s                 ; 0 s                 ; 3.08 V                       ; 2.3e-06 V                    ; 3.1 V               ; -0.018 V            ; 0.27 V                               ; 0.217 V                              ; 1.11e-09 s                  ; 1.22e-09 s                  ; Yes                        ; Yes                        ; 3.08 V                      ; 2.3e-06 V                   ; 3.1 V              ; -0.018 V           ; 0.27 V                              ; 0.217 V                             ; 1.11e-09 s                 ; 1.22e-09 s                 ; Yes                       ; Yes                       ;
; TRG_PLS[1]   ; 3.3-V LVCMOS ; 0 s                 ; 0 s                 ; 3.08 V                       ; 2.3e-06 V                    ; 3.1 V               ; -0.018 V            ; 0.27 V                               ; 0.216 V                              ; 1.11e-09 s                  ; 1.22e-09 s                  ; Yes                        ; Yes                        ; 3.08 V                      ; 2.3e-06 V                   ; 3.1 V              ; -0.018 V           ; 0.27 V                              ; 0.216 V                             ; 1.11e-09 s                 ; 1.22e-09 s                 ; Yes                       ; Yes                       ;
; TRG_PLS[2]   ; 3.3-V LVCMOS ; 0 s                 ; 0 s                 ; 3.08 V                       ; 2.3e-06 V                    ; 3.1 V               ; -0.018 V            ; 0.27 V                               ; 0.217 V                              ; 1.11e-09 s                  ; 1.22e-09 s                  ; Yes                        ; Yes                        ; 3.08 V                      ; 2.3e-06 V                   ; 3.1 V              ; -0.018 V           ; 0.27 V                              ; 0.217 V                             ; 1.11e-09 s                 ; 1.22e-09 s                 ; Yes                       ; Yes                       ;
; ~ALTERA_TDO~ ; 3.3-V LVCMOS ; 0 s                 ; 0 s                 ; 3.08 V                       ; 1.3e-06 V                    ; 3.15 V              ; -0.0682 V           ; 0.279 V                              ; 0.237 V                              ; 4.81e-10 s                  ; 6.4e-10 s                   ; Yes                        ; No                         ; 3.08 V                      ; 1.3e-06 V                   ; 3.15 V             ; -0.0682 V          ; 0.279 V                             ; 0.237 V                             ; 4.81e-10 s                 ; 6.4e-10 s                  ; Yes                       ; No                        ;
+--------------+--------------+---------------------+---------------------+------------------------------+------------------------------+---------------------+---------------------+--------------------------------------+--------------------------------------+-----------------------------+-----------------------------+----------------------------+----------------------------+-----------------------------+-----------------------------+--------------------+--------------------+-------------------------------------+-------------------------------------+----------------------------+----------------------------+---------------------------+---------------------------+


+-------------------------------------------------------------------------------------------------------------------------------------------------------------------------------------------------------------------------------------------------------------------------------------------------------------------------------------------------------------------------------------------------------------------------------------------------------------------------------------------------------------------------------------------------------------------------------------------------------------------------------------------------------------------------------------------+
; Signal Integrity Metrics (Fast 1200mv 0c Model)                                                                                                                                                                                                                                                                                                                                                                                                                                                                                                                                                                                                                                           ;
+--------------+--------------+---------------------+---------------------+------------------------------+------------------------------+---------------------+---------------------+--------------------------------------+--------------------------------------+-----------------------------+-----------------------------+----------------------------+----------------------------+-----------------------------+-----------------------------+--------------------+--------------------+-------------------------------------+-------------------------------------+----------------------------+----------------------------+---------------------------+---------------------------+
; Pin          ; I/O Standard ; Board Delay on Rise ; Board Delay on Fall ; Steady State Voh at FPGA Pin ; Steady State Vol at FPGA Pin ; Voh Max at FPGA Pin ; Vol Min at FPGA Pin ; Ringback Voltage on Rise at FPGA Pin ; Ringback Voltage on Fall at FPGA Pin ; 10-90 Rise Time at FPGA Pin ; 90-10 Fall Time at FPGA Pin ; Monotonic Rise at FPGA Pin ; Monotonic Fall at FPGA Pin ; Steady State Voh at Far-end ; Steady State Vol at Far-end ; Voh Max at Far-end ; Vol Min at Far-end ; Ringback Voltage on Rise at Far-end ; Ringback Voltage on Fall at Far-end ; 10-90 Rise Time at Far-end ; 90-10 Fall Time at Far-end ; Monotonic Rise at Far-end ; Monotonic Fall at Far-end ;
+--------------+--------------+---------------------+---------------------+------------------------------+------------------------------+---------------------+---------------------+--------------------------------------+--------------------------------------+-----------------------------+-----------------------------+----------------------------+----------------------------+-----------------------------+-----------------------------+--------------------+--------------------+-------------------------------------+-------------------------------------+----------------------------+----------------------------+---------------------------+---------------------------+
; TRG_PLS[0]   ; 3.3-V LVCMOS ; 0 s                 ; 0 s                 ; 3.46 V                       ; 8.93e-07 V                   ; 3.53 V              ; -0.0325 V           ; 0.324 V                              ; 0.176 V                              ; 6.87e-10 s                  ; 8.14e-10 s                  ; No                         ; Yes                        ; 3.46 V                      ; 8.93e-07 V                  ; 3.53 V             ; -0.0325 V          ; 0.324 V                             ; 0.176 V                             ; 6.87e-10 s                 ; 8.14e-10 s                 ; No                        ; Yes                       ;
; TRG_PLS[1]   ; 3.3-V LVCMOS ; 0 s                 ; 0 s                 ; 3.46 V                       ; 8.93e-07 V                   ; 3.52 V              ; -0.0321 V           ; 0.324 V                              ; 0.176 V                              ; 6.87e-10 s                  ; 8.14e-10 s                  ; No                         ; Yes                        ; 3.46 V                      ; 8.93e-07 V                  ; 3.52 V             ; -0.0321 V          ; 0.324 V                             ; 0.176 V                             ; 6.87e-10 s                 ; 8.14e-10 s                 ; No                        ; Yes                       ;
; TRG_PLS[2]   ; 3.3-V LVCMOS ; 0 s                 ; 0 s                 ; 3.46 V                       ; 8.93e-07 V                   ; 3.53 V              ; -0.0325 V           ; 0.324 V                              ; 0.176 V                              ; 6.87e-10 s                  ; 8.14e-10 s                  ; No                         ; Yes                        ; 3.46 V                      ; 8.93e-07 V                  ; 3.53 V             ; -0.0325 V          ; 0.324 V                             ; 0.176 V                             ; 6.87e-10 s                 ; 8.14e-10 s                 ; No                        ; Yes                       ;
; ~ALTERA_TDO~ ; 3.3-V LVCMOS ; 0 s                 ; 0 s                 ; 3.46 V                       ; 5.04e-07 V                   ; 3.64 V              ; -0.0201 V           ; 0.391 V                              ; 0.088 V                              ; 2.79e-10 s                  ; 3.95e-10 s                  ; No                         ; Yes                        ; 3.46 V                      ; 5.04e-07 V                  ; 3.64 V             ; -0.0201 V          ; 0.391 V                             ; 0.088 V                             ; 2.79e-10 s                 ; 3.95e-10 s                 ; No                        ; Yes                       ;
+--------------+--------------+---------------------+---------------------+------------------------------+------------------------------+---------------------+---------------------+--------------------------------------+--------------------------------------+-----------------------------+-----------------------------+----------------------------+----------------------------+-----------------------------+-----------------------------+--------------------+--------------------+-------------------------------------+-------------------------------------+----------------------------+----------------------------+---------------------------+---------------------------+


+-------------------------------------------------------------------------------------------------------+
; Setup Transfers                                                                                       ;
+-----------------------------+-----------------------------+----------+----------+----------+----------+
; From Clock                  ; To Clock                    ; RR Paths ; FR Paths ; RF Paths ; FF Paths ;
+-----------------------------+-----------------------------+----------+----------+----------+----------+
; SPI_CLK                     ; SPI_CLK                     ; 22       ; 0        ; 0        ; 0        ;
; u0|altpll_0|sd1|pll7|clk[1] ; SPI_CLK                     ; 14       ; 0        ; 0        ; 0        ;
; SPI_CLK                     ; u0|altpll_0|sd1|pll7|clk[1] ; 40       ; 0        ; 0        ; 0        ;
; u0|altpll_0|sd1|pll7|clk[1] ; u0|altpll_0|sd1|pll7|clk[1] ; 263      ; 0        ; 0        ; 0        ;
+-----------------------------+-----------------------------+----------+----------+----------+----------+
Entries labeled "false path" only account for clock-to-clock false paths and not path-based false paths. As a result, actual path counts may be lower than reported.


+-------------------------------------------------------------------------------------------------------+
; Hold Transfers                                                                                        ;
+-----------------------------+-----------------------------+----------+----------+----------+----------+
; From Clock                  ; To Clock                    ; RR Paths ; FR Paths ; RF Paths ; FF Paths ;
+-----------------------------+-----------------------------+----------+----------+----------+----------+
; SPI_CLK                     ; SPI_CLK                     ; 22       ; 0        ; 0        ; 0        ;
; u0|altpll_0|sd1|pll7|clk[1] ; SPI_CLK                     ; 14       ; 0        ; 0        ; 0        ;
; SPI_CLK                     ; u0|altpll_0|sd1|pll7|clk[1] ; 40       ; 0        ; 0        ; 0        ;
; u0|altpll_0|sd1|pll7|clk[1] ; u0|altpll_0|sd1|pll7|clk[1] ; 263      ; 0        ; 0        ; 0        ;
+-----------------------------+-----------------------------+----------+----------+----------+----------+
Entries labeled "false path" only account for clock-to-clock false paths and not path-based false paths. As a result, actual path counts may be lower than reported.


+------------------------------------------------------------------------------------+
; Recovery Transfers                                                                 ;
+-----------------------------+----------+----------+----------+----------+----------+
; From Clock                  ; To Clock ; RR Paths ; FR Paths ; RF Paths ; FF Paths ;
+-----------------------------+----------+----------+----------+----------+----------+
; u0|altpll_0|sd1|pll7|clk[1] ; SPI_CLK  ; 24       ; 0        ; 0        ; 0        ;
+-----------------------------+----------+----------+----------+----------+----------+
Entries labeled "false path" only account for clock-to-clock false paths and not path-based false paths. As a result, actual path counts may be lower than reported.


+------------------------------------------------------------------------------------+
; Removal Transfers                                                                  ;
+-----------------------------+----------+----------+----------+----------+----------+
; From Clock                  ; To Clock ; RR Paths ; FR Paths ; RF Paths ; FF Paths ;
+-----------------------------+----------+----------+----------+----------+----------+
; u0|altpll_0|sd1|pll7|clk[1] ; SPI_CLK  ; 24       ; 0        ; 0        ; 0        ;
+-----------------------------+----------+----------+----------+----------+----------+
Entries labeled "false path" only account for clock-to-clock false paths and not path-based false paths. As a result, actual path counts may be lower than reported.


---------------
; Report TCCS ;
---------------
No dedicated SERDES Transmitter circuitry present in device or used in design


---------------
; Report RSKM ;
---------------
No non-DPA dedicated SERDES Receiver circuitry present in device or used in design


+------------------------------------------------+
; Unconstrained Paths Summary                    ;
+---------------------------------+-------+------+
; Property                        ; Setup ; Hold ;
+---------------------------------+-------+------+
; Illegal Clocks                  ; 0     ; 0    ;
; Unconstrained Clocks            ; 0     ; 0    ;
; Unconstrained Input Ports       ; 3     ; 3    ;
; Unconstrained Input Port Paths  ; 58    ; 58   ;
; Unconstrained Output Ports      ; 3     ; 3    ;
; Unconstrained Output Port Paths ; 36    ; 36   ;
+---------------------------------+-------+------+


+-------------------------------------------------------------------------------------+
; Clock Status Summary                                                                ;
+-----------------------------+-----------------------------+-----------+-------------+
; Target                      ; Clock                       ; Type      ; Status      ;
+-----------------------------+-----------------------------+-----------+-------------+
; CLK50M                      ; CLK50M                      ; Base      ; Constrained ;
; SPI_CLK                     ; SPI_CLK                     ; Base      ; Constrained ;
; u0|altpll_0|sd1|pll7|clk[1] ; u0|altpll_0|sd1|pll7|clk[1] ; Generated ; Constrained ;
+-----------------------------+-----------------------------+-----------+-------------+


+---------------------------------------------------------------------------------------------------+
; Unconstrained Input Ports                                                                         ;
+------------+--------------------------------------------------------------------------------------+
; Input Port ; Comment                                                                              ;
+------------+--------------------------------------------------------------------------------------+
; RESET_N    ; No input delay, min/max delays, false-path exceptions, or max skew assignments found ;
; SPI_CS     ; No input delay, min/max delays, false-path exceptions, or max skew assignments found ;
; SPI_MOSI   ; No input delay, min/max delays, false-path exceptions, or max skew assignments found ;
+------------+--------------------------------------------------------------------------------------+


+-----------------------------------------------------------------------------------------------------+
; Unconstrained Output Ports                                                                          ;
+-------------+---------------------------------------------------------------------------------------+
; Output Port ; Comment                                                                               ;
+-------------+---------------------------------------------------------------------------------------+
; TRG_PLS[0]  ; No output delay, min/max delays, false-path exceptions, or max skew assignments found ;
; TRG_PLS[1]  ; No output delay, min/max delays, false-path exceptions, or max skew assignments found ;
; TRG_PLS[2]  ; No output delay, min/max delays, false-path exceptions, or max skew assignments found ;
+-------------+---------------------------------------------------------------------------------------+


+---------------------------------------------------------------------------------------------------+
; Unconstrained Input Ports                                                                         ;
+------------+--------------------------------------------------------------------------------------+
; Input Port ; Comment                                                                              ;
+------------+--------------------------------------------------------------------------------------+
; RESET_N    ; No input delay, min/max delays, false-path exceptions, or max skew assignments found ;
; SPI_CS     ; No input delay, min/max delays, false-path exceptions, or max skew assignments found ;
; SPI_MOSI   ; No input delay, min/max delays, false-path exceptions, or max skew assignments found ;
+------------+--------------------------------------------------------------------------------------+


+-----------------------------------------------------------------------------------------------------+
; Unconstrained Output Ports                                                                          ;
+-------------+---------------------------------------------------------------------------------------+
; Output Port ; Comment                                                                               ;
+-------------+---------------------------------------------------------------------------------------+
; TRG_PLS[0]  ; No output delay, min/max delays, false-path exceptions, or max skew assignments found ;
; TRG_PLS[1]  ; No output delay, min/max delays, false-path exceptions, or max skew assignments found ;
; TRG_PLS[2]  ; No output delay, min/max delays, false-path exceptions, or max skew assignments found ;
+-------------+---------------------------------------------------------------------------------------+


+--------------------------+
; Timing Analyzer Messages ;
+--------------------------+
Info: *******************************************************************
Info: Running Quartus Prime Timing Analyzer
    Info: Version 18.1.1 Build 646 04/11/2019 SJ Lite Edition
    Info: Processing started: Sat Jul 13 22:03:41 2024
Info: Command: quartus_sta top -c top
Info: qsta_default_script.tcl version: #1
Warning (18236): Number of processors has not been specified which may cause overloading on shared machines.  Set the global assignment NUM_PARALLEL_PROCESSORS in your QSF to an appropriate value for best performance.
Info (20030): Parallel compilation is enabled and will use 2 of the 2 processors detected
Info (21077): Low junction temperature is 0 degrees C
Info (21077): High junction temperature is 85 degrees C
Warning (335093): The Timing Analyzer is analyzing 1 combinational loops as latches. For more details, run the Check Timing command in the Timing Analyzer or view the "User-Specified and Inferred Latches" table in the Analysis & Synthesis report.
Info (332104): Reading SDC File: 'max10.sdc'
Info (332110): Deriving PLL clocks
    Info (332110): create_generated_clock -source {u0|altpll_0|sd1|pll7|inclk[0]} -divide_by 5 -multiply_by 16 -duty_cycle 50.00 -name {u0|altpll_0|sd1|pll7|clk[1]} {u0|altpll_0|sd1|pll7|clk[1]}
Info (332104): Reading SDC File: 'c:/users/suyama84/documents/fpga/max10_10m08_ptmch/db/ip/nios2_system/submodules/altera_reset_controller.sdc'
Critical Warning (332168): The following clock transfers have no clock uncertainty assignment. For more accurate results, apply clock uncertainty assignments or use the derive_clock_uncertainty command.
    Critical Warning (332169): From SPI_CLK (Rise) to SPI_CLK (Rise) (setup and hold)
    Critical Warning (332169): From u0|altpll_0|sd1|pll7|clk[1] (Rise) to SPI_CLK (Rise) (setup and hold)
    Critical Warning (332169): From SPI_CLK (Rise) to u0|altpll_0|sd1|pll7|clk[1] (Rise) (setup and hold)
    Critical Warning (332169): From u0|altpll_0|sd1|pll7|clk[1] (Rise) to u0|altpll_0|sd1|pll7|clk[1] (Rise) (setup and hold)
Info: Found TIMING_ANALYZER_REPORT_SCRIPT_INCLUDE_DEFAULT_ANALYSIS = ON
Info: Analyzing Slow 1200mV 85C Model
Info: Can't run Report Timing Closure Recommendations. The current device family is not supported.
Critical Warning (332148): Timing requirements not met
Info (332146): Worst-case setup slack is -5.766
    Info (332119):     Slack       End Point TNS Clock 
    Info (332119): ========= =================== =====================
    Info (332119):    -5.766             -46.128 u0|altpll_0|sd1|pll7|clk[1] 
    Info (332119):    -4.116             -15.536 SPI_CLK 
Info (332146): Worst-case hold slack is 0.363
    Info (332119):     Slack       End Point TNS Clock 
    Info (332119): ========= =================== =====================
    Info (332119):     0.363               0.000 u0|altpll_0|sd1|pll7|clk[1] 
    Info (332119):     0.394               0.000 SPI_CLK 
Info (332146): Worst-case recovery slack is -3.908
    Info (332119):     Slack       End Point TNS Clock 
    Info (332119): ========= =================== =====================
    Info (332119):    -3.908             -46.784 SPI_CLK 
Info (332146): Worst-case removal slack is 2.568
    Info (332119):     Slack       End Point TNS Clock 
    Info (332119): ========= =================== =====================
    Info (332119):     2.568               0.000 SPI_CLK 
Info (332146): Worst-case minimum pulse width slack is 2.856
    Info (332119):     Slack       End Point TNS Clock 
    Info (332119): ========= =================== =====================
    Info (332119):     2.856               0.000 u0|altpll_0|sd1|pll7|clk[1] 
    Info (332119):     4.239               0.000 SPI_CLK 
    Info (332119):     9.877               0.000 CLK50M 
Info (332114): Report Metastability: Found 1 synchronizer chains.
    Info (332114): Design MTBF is not calculated because the design doesn't meet its timing requirements.
Info: Analyzing Slow 1200mV 0C Model
Info (334003): Started post-fitting delay annotation
Info (334004): Delay annotation completed successfully
Critical Warning (332168): The following clock transfers have no clock uncertainty assignment. For more accurate results, apply clock uncertainty assignments or use the derive_clock_uncertainty command.
    Critical Warning (332169): From SPI_CLK (Rise) to SPI_CLK (Rise) (setup and hold)
    Critical Warning (332169): From u0|altpll_0|sd1|pll7|clk[1] (Rise) to SPI_CLK (Rise) (setup and hold)
    Critical Warning (332169): From SPI_CLK (Rise) to u0|altpll_0|sd1|pll7|clk[1] (Rise) (setup and hold)
    Critical Warning (332169): From u0|altpll_0|sd1|pll7|clk[1] (Rise) to u0|altpll_0|sd1|pll7|clk[1] (Rise) (setup and hold)
Critical Warning (332148): Timing requirements not met
Info (332146): Worst-case setup slack is -5.415
    Info (332119):     Slack       End Point TNS Clock 
    Info (332119): ========= =================== =====================
    Info (332119):    -5.415             -43.320 u0|altpll_0|sd1|pll7|clk[1] 
    Info (332119):    -3.904             -14.447 SPI_CLK 
Info (332146): Worst-case hold slack is 0.324
    Info (332119):     Slack       End Point TNS Clock 
    Info (332119): ========= =================== =====================
    Info (332119):     0.324               0.000 u0|altpll_0|sd1|pll7|clk[1] 
    Info (332119):     0.352               0.000 SPI_CLK 
Info (332146): Worst-case recovery slack is -3.746
    Info (332119):     Slack       End Point TNS Clock 
    Info (332119): ========= =================== =====================
    Info (332119):    -3.746             -44.722 SPI_CLK 
Info (332146): Worst-case removal slack is 2.246
    Info (332119):     Slack       End Point TNS Clock 
    Info (332119): ========= =================== =====================
    Info (332119):     2.246               0.000 SPI_CLK 
Info (332146): Worst-case minimum pulse width slack is 2.865
    Info (332119):     Slack       End Point TNS Clock 
    Info (332119): ========= =================== =====================
    Info (332119):     2.865               0.000 u0|altpll_0|sd1|pll7|clk[1] 
    Info (332119):     4.139               0.000 SPI_CLK 
    Info (332119):     9.881               0.000 CLK50M 
Info (332114): Report Metastability: Found 1 synchronizer chains.
    Info (332114): Design MTBF is not calculated because the design doesn't meet its timing requirements.
Info: Analyzing Fast 1200mV 0C Model
Critical Warning (332168): The following clock transfers have no clock uncertainty assignment. For more accurate results, apply clock uncertainty assignments or use the derive_clock_uncertainty command.
    Critical Warning (332169): From SPI_CLK (Rise) to SPI_CLK (Rise) (setup and hold)
    Critical Warning (332169): From u0|altpll_0|sd1|pll7|clk[1] (Rise) to SPI_CLK (Rise) (setup and hold)
    Critical Warning (332169): From SPI_CLK (Rise) to u0|altpll_0|sd1|pll7|clk[1] (Rise) (setup and hold)
    Critical Warning (332169): From u0|altpll_0|sd1|pll7|clk[1] (Rise) to u0|altpll_0|sd1|pll7|clk[1] (Rise) (setup and hold)
Critical Warning (332148): Timing requirements not met
Info (332146): Worst-case setup slack is -2.012
    Info (332119):     Slack       End Point TNS Clock 
    Info (332119): ========= =================== =====================
    Info (332119):    -2.012             -16.096 u0|altpll_0|sd1|pll7|clk[1] 
    Info (332119):    -1.595              -6.213 SPI_CLK 
Info (332146): Worst-case hold slack is 0.152
    Info (332119):     Slack       End Point TNS Clock 
    Info (332119): ========= =================== =====================
    Info (332119):     0.152               0.000 u0|altpll_0|sd1|pll7|clk[1] 
    Info (332119):     0.166               0.000 SPI_CLK 
Info (332146): Worst-case recovery slack is -1.860
    Info (332119):     Slack       End Point TNS Clock 
    Info (332119): ========= =================== =====================
    Info (332119):    -1.860             -21.926 SPI_CLK 
Info (332146): Worst-case removal slack is 1.179
    Info (332119):     Slack       End Point TNS Clock 
    Info (332119): ========= =================== =====================
    Info (332119):     1.179               0.000 SPI_CLK 
Info (332146): Worst-case minimum pulse width slack is 2.907
    Info (332119):     Slack       End Point TNS Clock 
    Info (332119): ========= =================== =====================
    Info (332119):     2.907               0.000 u0|altpll_0|sd1|pll7|clk[1] 
    Info (332119):     3.769               0.000 SPI_CLK 
    Info (332119):     9.504               0.000 CLK50M 
Info (332114): Report Metastability: Found 1 synchronizer chains.
    Info (332114): Design MTBF is not calculated because the design doesn't meet its timing requirements.
Info (332102): Design is not fully constrained for setup requirements
Info (332102): Design is not fully constrained for hold requirements
Info: Quartus Prime Timing Analyzer was successful. 0 errors, 20 warnings
    Info: Peak virtual memory: 4749 megabytes
    Info: Processing ended: Sat Jul 13 22:03:47 2024
    Info: Elapsed time: 00:00:06
    Info: Total CPU time (on all processors): 00:00:06


